{"sites":[{"id":123,"name":"Site Name","employees":2,"completed":1,"pending":0,"expiring":0,"expired":1,"projects":[]}]}