 Account Name: Contractor Account
 appUserId: 231
 User Email Address: user@email.com
 Feedback: Some feedback

