{"status":"Expiring","sites":[{"id":120,"name":"Contractor Account","status":"Completed","skills":[{"id":0,"name":"Contractor RequiredSkill","status":"Completed"}]},{"id":15,"name":"Corp Account","status":"Expiring","skills":[{"id":0,"name":"Corp Required Skill","status":"Expiring"}]},{"id":67,"name":"Site Account","status":"Completed","skills":[{"id":0,"name":"Corp Required Skill","status":"Expiring"},{"id":0,"name":"Site Required Skill","status":"Completed"}],"projects":[{"id":0,"name":"Test Project","status":"Completed","skills":[{"id":0,"name":"Corp Required Skill","status":"Expiring"},{"id":0,"name":"Project Skill 1","status":"Completed"},{"id":0,"name":"Project Skill 2","status":"Completed"},{"id":0,"name":"Site Required Skill","status":"Completed"}]}]}]}