
    <label for="test_id">
            Translated Text
    </label>
