
    <label for="test_id">
            Test Property
    </label>
