Field	Filter	Display	SqlFunctions
AccountID	AccountID	Number	Count,CountDistinct,Max,Min
AccountLevel	Multiselect	String	Count,CountDistinct,Length,GroupConcat,Max,Min,LowerCase,UpperCase
AccountStatus	Multiselect	String	Count,CountDistinct,Length,GroupConcat,Max,Min,LowerCase,UpperCase
AccountType	Multiselect	String	Count,CountDistinct,Length,GroupConcat,Max,Min,LowerCase,UpperCase
AccountUser	Autocomplete	String	Count,CountDistinct,Length,GroupConcat,Max,Min,LowerCase,UpperCase
ApprovalStatus	Multiselect	String	Count,CountDistinct,Length,GroupConcat,Max,Min,LowerCase,UpperCase
AuditStatus	Multiselect	String	Count,CountDistinct,Length,GroupConcat,Max,Min,LowerCase,UpperCase
AuditSubStatus	Multiselect	String	Count,CountDistinct,Length,GroupConcat,Max,Min,LowerCase,UpperCase
AuditType	Autocomplete	String	Count,CountDistinct,Length,GroupConcat,Max,Min,LowerCase,UpperCase
AuditTypeClass	Multiselect	String	Count,CountDistinct,Length,GroupConcat,Max,Min,LowerCase,UpperCase
AuditQuestion	Autocomplete	String	Count,CountDistinct,Length,GroupConcat,Max,Min,LowerCase,UpperCase
AuditCategory	Autocomplete	String	Count,CountDistinct,Length,GroupConcat,Max,Min,LowerCase,UpperCase
Boolean	Boolean	Boolean	Count,CountDistinct,Max,Min
Contractor	Autocomplete	String	Count,CountDistinct,Length,GroupConcat,Max,Min,LowerCase,UpperCase
ContractorOperatorNumberType	Multiselect	String	Count,CountDistinct,Length,GroupConcat,Max,Min,LowerCase,UpperCase
Country	Autocomplete	String	Count,CountDistinct,Length,GroupConcat,Max,Min,LowerCase,UpperCase
CountrySubdivision	Autocomplete	String	Count,CountDistinct,Length,GroupConcat,Max,Min,LowerCase,UpperCase
Currency	Multiselect	String	Count,CountDistinct,Length,GroupConcat,Max,Min,LowerCase,UpperCase
Date	Date	String	Count,CountDistinct,Year,WeekDay,Hour,YearMonth,GroupConcat,Month,DaysFromNow,Max,Min,LowerCase,UpperCase
DateTime	Date	String	Count,CountDistinct,Year,WeekDay,Hour,YearMonth,GroupConcat,Month,Date,DaysFromNow,Max,Min,LowerCase,UpperCase
EmployeeStatus	Multiselect	String	Count,CountDistinct,Length,GroupConcat,Max,Min,LowerCase,UpperCase
ExpirationDate	Date	String	Count,CountDistinct,Year,WeekDay,Hour,YearMonth,GroupConcat,Month,Date,DaysFromNow,Max,Min,LowerCase,UpperCase
FeeClass	Multiselect	String	Count,CountDistinct,Length,GroupConcat,Max,Min,LowerCase,UpperCase
FlagColor	Multiselect	Flag	Count,CountDistinct,Max,Min
FlagCriteriaOptionCode	Multiselect	String	Count,CountDistinct,Length,GroupConcat,Max,Min,LowerCase,UpperCase
Float	Number	Number	Count,CountDistinct,Average,Round,Sum,StdDev,Max,Min
Integer	Number	Number	Count,CountDistinct,Average,Sum,StdDev,Max,Min
LowMedHigh	Multiselect	String	Count,CountDistinct,Length,GroupConcat,Max,Min,LowerCase,UpperCase
MultiYearScope	Multiselect	String	Count,CountDistinct,Length,GroupConcat,Max,Min,LowerCase,UpperCase
NetworkLevel	Multiselect	String	Count,CountDistinct,Length,GroupConcat,Max,Min,LowerCase,UpperCase
Number	Number	Number	Count,CountDistinct,Average,Round,Sum,StdDev,Max,Min
Operator	Autocomplete	String	Count,CountDistinct,Length,GroupConcat,Max,Min,LowerCase,UpperCase
OperatorTag	Autocomplete	String	Count,CountDistinct,Length,GroupConcat,Max,Min,LowerCase,UpperCase
OptionGroup	Autocomplete	String	Count,CountDistinct,Length,GroupConcat,Max,Min,LowerCase,UpperCase
OptionValue	Autocomplete	String	Count,CountDistinct,Length,GroupConcat,Max,Min,LowerCase,UpperCase
OshaRateType	Multiselect	String	Count,CountDistinct,Length,GroupConcat,Max,Min,LowerCase,UpperCase
OshaType	Multiselect	String	Count,CountDistinct,Length,GroupConcat,Max,Min,LowerCase,UpperCase
PaymentMethod	Multiselect	String	Count,CountDistinct,Length,GroupConcat,Max,Min,LowerCase,UpperCase
String	String	String	Count,CountDistinct,Length,GroupConcat,Max,Min,LowerCase,UpperCase
SupplierDiversity	Multiselect	String	Count,CountDistinct,Length,GroupConcat,Max,Min,LowerCase,UpperCase
Trade	Autocomplete	String	Count,CountDistinct,Length,GroupConcat,Max,Min,LowerCase,UpperCase
TransactionStatus	Multiselect	String	Count,CountDistinct,Length,GroupConcat,Max,Min,LowerCase,UpperCase
UserAccountRole	Multiselect	String	Count,CountDistinct,Length,GroupConcat,Max,Min,LowerCase,UpperCase
UserID	UserID	Number	Count,CountDistinct,Max,Min
WaitingOn	Multiselect	String	Count,CountDistinct,Length,GroupConcat,Max,Min,LowerCase,UpperCase
