Model: Accounts
Permission: Permissions{permissions=[]}
----------------------------------------
AccountAddress
AccountAddress2
AccountAddress3
AccountCity
AccountContactDepartment
AccountContactEmail
AccountContactFax
AccountContactFirstName
AccountContactID
AccountContactLastName
AccountContactLocale
AccountContactName
AccountContactPhone
AccountContactTimezone
AccountCountry
AccountCountrySubdivision
AccountCreationDate
AccountFax
AccountFullAddress
AccountID
AccountLegalName
AccountMaterialSupplier
AccountNaicsCode
AccountNaicsDart
AccountNaicsLwcr
AccountNaicsTrir
AccountName
AccountOffsiteServices
AccountOnsiteServices
AccountPhone
AccountRequiresCompetencyReview
AccountRequiresOQ
AccountStatus
AccountTimezone
AccountTransportationServices
AccountWebUrl
AccountZip

Model: AuditTypes
Permission: Permissions{permissions=[]}
----------------------------------------
AuditTypeClassType
AuditTypeCreatedBy
AuditTypeCreatedByAccountID
AuditTypeCreatedByAccountName
AuditTypeCreatedByID
AuditTypeCreatedByName
AuditTypeCreationDate
AuditTypeDescription
AuditTypeHasAuditor
AuditTypeID
AuditTypeMonthsToExpire
AuditTypeName
AuditTypeOperatorID
AuditTypeOperatorName
AuditTypeRenewable
AuditTypeScheduled
AuditTypeScoreable

Model: ContractorAudits
Permission: Permissions{permissions=[]}
----------------------------------------
AccountCity
AccountContactDepartment
AccountContactEmail
AccountContactFax
AccountContactFirstName
AccountContactID
AccountContactLastName
AccountContactLocale
AccountContactName
AccountContactPhone
AccountContactTimezone
AccountCountry
AccountCountrySubdivision
AccountCreationDate
AccountID
AccountLegalName
AccountName
AccountStatus
AccountTimezone
AuditAssignedDate
AuditAuditFor
AuditAuditLocation
AuditAuditorConfirm
AuditAuditorID
AuditAuditorName
AuditClosingAuditorID
AuditClosingAuditorName
AuditContractorConfirm
AuditCreationDate
AuditEffectiveDate
AuditExpiresDate
AuditID
AuditScheduledDate
AuditScore
AuditTypeClassType
AuditTypeID
AuditTypeMonthsToExpire
AuditTypeName
AuditTypeRenewable
ContractorAccountLevel
ContractorAuditGUARD
ContractorDocuGUARD
ContractorEmployeeGUARD
ContractorInsureGUARD
ContractorMembershipDate
ContractorProductRisk
ContractorSafetyRisk
ContractorTransportationRisk

Model: ContractorAuditDatas
Permission: Permissions{permissions=[]}
----------------------------------------
AccountCity
AccountCountry
AccountCountrySubdivision
AccountCreationDate
AccountID
AccountLegalName
AccountName
AccountStatus
AccountTimezone
AuditAssignedDate
AuditAuditFor
AuditAuditLocation
AuditAuditorConfirm
AuditContractorConfirm
AuditCreationDate
AuditDataAnswer
AuditDataComment
AuditDataDateVerified
AuditEffectiveDate
AuditExpiresDate
AuditID
AuditScheduledDate
AuditScore
AuditTypeClassType
AuditTypeID
AuditTypeName
CategoryID
CategoryName
CategoryNumQuestions
CategoryNumRequired
CategoryNumber
CategoryScoreWeight
CategoryUniqueCode
ContractorAccountLevel
ContractorAuditGUARD
ContractorDocuGUARD
ContractorEmployeeGUARD
ContractorInsureGUARD
ContractorMembershipDate
ContractorProductRisk
ContractorSafetyRisk
ContractorTransportationRisk
FlagCriteriaContractorAnswer
FlagCriteriaContractorCriteriaID
QuestionHasRequirement
QuestionID
QuestionName
QuestionNumber
QuestionQuestionType
QuestionRequired

Model: ContractorAuditFiles
Permission: Permissions{permissions=[]}
----------------------------------------
AccountID
AccountName
AuditAuditFor
AuditAuditorID
AuditAuditorName
AuditClosingAuditorID
AuditClosingAuditorName
AuditEffectiveDate
AuditExpiresDate
AuditID
AuditOperatorAccountID
AuditOperatorAccountName
AuditOperatorID
AuditOperatorStatus
AuditScore
AuditTypeName
ContractorAuditFileDescription
ContractorAuditFileFileType
ContractorAuditFileID
ContractorAuditFileReviewed
ContractorAuditFileUploadDate

Model: ContractorAuditOperators
Permission: Permissions{permissions=[]}
----------------------------------------
AccountCity
AccountCountry
AccountCountrySubdivision
AccountCreationDate
AccountID
AccountLegalName
AccountName
AccountStatus
AccountTimezone
AuditAssignedDate
AuditAuditFor
AuditAuditLocation
AuditAuditorConfirm
AuditAuditorID
AuditAuditorName
AuditClosingAuditorID
AuditClosingAuditorName
AuditContractorConfirm
AuditCreationDate
AuditEffectiveDate
AuditExpiresDate
AuditID
AuditLwcrAnswer
AuditOperatorAccountID
AuditOperatorAccountName
AuditOperatorAuditSubStatus
AuditOperatorID
AuditOperatorPercentComplete
AuditOperatorPercentVerified
AuditOperatorStatus
AuditOperatorStatusChangedDate
AuditOperatorStatusSubstatus
AuditScheduledDate
AuditScore
AuditTypeClassType
AuditTypeID
AuditTypeMonthsToExpire
AuditTypeName
AuditTypeRenewable
ClientSite
ContractorAccountLevel
ContractorAuditGUARD
ContractorDocuGUARD
ContractorEmployeeGUARD
ContractorInsureGUARD
ContractorMembershipDate
ContractorProductRisk
ContractorSafetyRisk
ContractorTransportationRisk
ContractorsRequiringAnnualUpdateEmail
CustomerServiceUserID
CustomerServiceUserName
EmrAnswer
FatalitiesAnswer
PQFID
PQFTypeName
PreviousAuditAuditFor
PreviousAuditEffectiveDate
PreviousAuditExpiresDate
PreviousAuditID
PreviousAuditScore
PreviousAuditTypeName
SafetyManualAnswer
SafetyManualComment
TrirAnswer

Model: ContractorFees
Permission: Permissions{permissions=[]}
----------------------------------------
AccountCity
AccountCountry
AccountCountrySubdivision
AccountCreationDate
AccountID
AccountLegalName
AccountName
AccountStatus
AccountTimezone
ContractorAccountLevel
ContractorAuditGUARD
ContractorDocuGUARD
ContractorEmployeeGUARD
ContractorFeeCurrentAmount
ContractorFeeFeeClass
ContractorFeeNewAmount
ContractorInsureGUARD
ContractorMembershipDate
ContractorProductRisk
ContractorSafetyRisk
ContractorTransportationRisk
FeeFeeClass
FeeMaxFacilities
FeeName

Model: ContractorFlagCriteriaDatas
Permission: Permissions{permissions=[]}
----------------------------------------
AccountCity
AccountCountry
AccountCountrySubdivision
AccountCreationDate
AccountID
AccountLegalName
AccountName
AccountStatus
AccountTimezone
ContractorFlagFlagColor
ContractorFlagNetworkLevel
ContractorFlagWaitingOn
ContractorFlagWorkStatus
ContractorOperatorOperatorCity
ContractorOperatorOperatorCountry
ContractorOperatorOperatorCountrySubdivision
ContractorOperatorOperatorCreationDate
ContractorOperatorOperatorID
ContractorOperatorOperatorLegalName
ContractorOperatorOperatorName
ContractorOperatorOperatorStatus
ContractorOperatorOperatorTimezone
CustomerServiceUserID
CustomerServiceUserName
FlagCriteriaAllowCustomValue
FlagCriteriaCategory
FlagCriteriaComparison
FlagCriteriaDataType
FlagCriteriaDefaultValue
FlagCriteriaDescription
FlagCriteriaDisplayOrder
FlagCriteriaFlaggableWhenMissing
FlagCriteriaInsurance
FlagCriteriaLabel
FlagCriteriaMultiYearScope
FlagCriteriaOptionCode
FlagCriteriaOshaRateType
FlagCriteriaOshaType
FlagCriteriaRequiredStatus
FlagCriteriaRequiredStatusComparison
FlagDataBaselineFlag
FlagDataFlag
FlagDataOverrideCreatedBy
FlagDataOverrideCreationDate
FlagDataOverrideForceEnd
FlagDataOverrideForceflag
FlagDataUpdateDate

Model: ContractorFlagDatas
Permission: Permissions{permissions=[]}
----------------------------------------
AccountCity
AccountCountry
AccountCountrySubdivision
AccountCreationDate
AccountID
AccountLegalName
AccountName
AccountStatus
AccountTimezone
ContractorFlagFlagColor
ContractorFlagNetworkLevel
ContractorFlagWaitingOn
ContractorFlagWorkStatus
ContractorOperatorOperatorCity
ContractorOperatorOperatorCountry
ContractorOperatorOperatorCountrySubdivision
ContractorOperatorOperatorCreationDate
ContractorOperatorOperatorID
ContractorOperatorOperatorLegalName
ContractorOperatorOperatorName
ContractorOperatorOperatorStatus
ContractorOperatorOperatorTimezone
FlagCriteriaCategory
FlagCriteriaDescription
FlagCriteriaLabel
FlagCriteriaMultiYearScope
FlagCriteriaOshaRateType
FlagCriteriaOshaType
FlagCriteriaRequiredStatus
FlagDataBaselineFlag
FlagDataFlag
FlagDataOverrideCreatedBy
FlagDataOverrideCreationDate
FlagDataOverrideForceEnd
FlagDataOverrideForceflag
FlagDataUpdateDate
OperatorCriteriaFlag
OperatorCriteriaHurdle

Model: ContractorAuditMassDatas
Permission: Permissions{permissions=[]}
----------------------------------------
ContractorAccountCity
ContractorAccountCountry
ContractorAccountCountrySubdivision
ContractorAccountCreationDate
ContractorAccountID
ContractorAccountLegalName
ContractorAccountLevel
ContractorAccountName
ContractorAccountStatus
ContractorAccountTimezone
ContractorAuditGUARD
ContractorCemexPostEvalAggregatesAnswer
ContractorCemexPostEvalAggregatesDoveHolesAnswer
ContractorCemexPostEvalAggregatesEAnswer
ContractorCemexPostEvalAggregatesMarineAnswer
ContractorCemexPostEvalAggregatesMidlandsAnswer
ContractorCemexPostEvalAggregatesNEAnswer
ContractorCemexPostEvalAggregatesNWAnswer
ContractorCemexPostEvalAggregatesSEAnswer
ContractorCemexPostEvalAggregatesSWAnswer
ContractorCemexPostEvalAggregatesScotlandAnswer
ContractorCemexPostEvalAsphaltAnswer
ContractorCemexPostEvalAsphaltNAnswer
ContractorCemexPostEvalAsphaltSAnswer
ContractorCemexPostEvalAsphaltUrbanAnswer
ContractorCemexPostEvalBuildingAnswer
ContractorCemexPostEvalBuildingConcreteAnswer
ContractorCemexPostEvalBuildingFloorsAnswer
ContractorCemexPostEvalBuildingRailAnswer
ContractorCemexPostEvalCaoID
ContractorCemexPostEvalCaoStatus
ContractorCemexPostEvalCementAnswer
ContractorCemexPostEvalCementAshAnswer
ContractorCemexPostEvalCementBarringtonAnswer
ContractorCemexPostEvalCementRugbyAnswer
ContractorCemexPostEvalCementSouthFerribyAnswer
ContractorCemexPostEvalCementTilburyAnswer
ContractorCemexPostEvalDateAnswer
ContractorCemexPostEvalEvaluatorAnswer
ContractorCemexPostEvalID
ContractorCemexPostEvalLogisticsAggregatesAnswer
ContractorCemexPostEvalLogisticsAnswer
ContractorCemexPostEvalLogisticsCementAnswer
ContractorCemexPostEvalLogisticsOtherAnswer
ContractorCemexPostEvalLogisticsOtherComment
ContractorCemexPostEvalPavingAnswer
ContractorCemexPostEvalPavingBirminghamAnswer
ContractorCemexPostEvalPavingSheffieldAnswer
ContractorCemexPostEvalPavingWickAnswer
ContractorCemexPostEvalPerformanceAnswer
ContractorCemexPostEvalPerformanceComment
ContractorCemexPostEvalReadymixAdmixturesAnswer
ContractorCemexPostEvalReadymixAnswer
ContractorCemexPostEvalReadymixCentralAnswer
ContractorCemexPostEvalReadymixCentralCluster12Answer
ContractorCemexPostEvalReadymixCentralCluster14Answer
ContractorCemexPostEvalReadymixCentralCluster15Answer
ContractorCemexPostEvalReadymixCentralCluster16Answer
ContractorCemexPostEvalReadymixDSMAnswer
ContractorCemexPostEvalReadymixNorthernAnswer
ContractorCemexPostEvalReadymixNorthernCluster3Answer
ContractorCemexPostEvalReadymixNorthernCluster6Answer
ContractorCemexPostEvalReadymixNorthernCluster7Answer
ContractorCemexPostEvalReadymixNorthernCluster8Answer
ContractorCemexPostEvalReadymixScotlandAnswer
ContractorCemexPostEvalReadymixScotlandCluster1Answer
ContractorCemexPostEvalReadymixSouthernAnswer
ContractorCemexPostEvalReadymixSouthernCluster20Answer
ContractorCemexPostEvalReadymixSouthernCluster23Answer
ContractorCemexPostEvalReadymixSouthernCluster24Answer
ContractorCemexPostEvalSafetyAnswer
ContractorCemexPostEvalSafetyComment
ContractorCemexPostEvalSiteAnswer
ContractorCemexPostEvalTitleAnswer
ContractorCemexPostEvalTypeName
ContractorDocuGUARD
ContractorDontReassign
ContractorEmployeeGUARD
ContractorInsureGUARD
ContractorMembershipDate
ContractorProductRisk
ContractorProductRiskVerified
ContractorSafetyRisk
ContractorSafetyRiskVerified
ContractorSoleProprietor
ContractorTransportationRisk
ContractorTransportationRiskVerified

Model: ContractorNumbers
Permission: Permissions{permissions=[]}
----------------------------------------
AccountAddress
AccountAddress2
AccountAddress3
AccountCity
AccountContactDepartment
AccountContactEmail
AccountContactFax
AccountContactFirstName
AccountContactID
AccountContactLastName
AccountContactLocale
AccountContactName
AccountContactPhone
AccountContactTimezone
AccountCountry
AccountCountrySubdivision
AccountCreationDate
AccountFax
AccountFullAddress
AccountID
AccountLegalName
AccountMaterialSupplier
AccountNaicsCode
AccountNaicsDart
AccountNaicsLwcr
AccountNaicsTrir
AccountName
AccountOffsiteServices
AccountOnsiteServices
AccountPhone
AccountRequiresCompetencyReview
AccountRequiresOQ
AccountStatus
AccountTimezone
AccountTransportationServices
AccountWebUrl
AccountZip
ContractorAccountLevel
ContractorAuditGUARD
ContractorCustomerServiceEndDate
ContractorCustomerServiceOwnerPercent
ContractorCustomerServiceRole
ContractorCustomerServiceServiceLevel
ContractorCustomerServiceStartDate
ContractorDocuGUARD
ContractorDontReassign
ContractorEmployeeGUARD
ContractorInsureGUARD
ContractorMembershipDate
ContractorProductRisk
ContractorProductRiskVerified
ContractorSafetyRisk
ContractorSafetyRiskVerified
ContractorSoleProprietor
ContractorTransportationRisk
ContractorTransportationRiskVerified
OperatorContractorNumberType
OperatorContractorNumberValue

Model: ContractorOperators
Permission: Permissions{permissions=[]}
----------------------------------------
AccountCity
AccountContactDepartment
AccountContactEmail
AccountContactFax
AccountContactFirstName
AccountContactID
AccountContactLastName
AccountContactLocale
AccountContactName
AccountContactPhone
AccountContactTimezone
AccountCountry
AccountCountrySubdivision
AccountCreationDate
AccountID
AccountLegalName
AccountManagerUserID
AccountManagerUserName
AccountName
AccountStatus
AccountTimezone
ContractorAccountLevel
ContractorAuditGUARD
ContractorDocuGUARD
ContractorEmployeeGUARD
ContractorInsureGUARD
ContractorMembershipDate
ContractorOperatorBaselineFlag
ContractorOperatorCreationDate
ContractorOperatorFlagColor
ContractorOperatorForceBegin
ContractorOperatorForceEnd
ContractorOperatorForceFlag
ContractorOperatorLastStepToGreenDate
ContractorOperatorNetworkLevel
ContractorOperatorOperatorCity
ContractorOperatorOperatorCountry
ContractorOperatorOperatorCountrySubdivision
ContractorOperatorOperatorCreationDate
ContractorOperatorOperatorID
ContractorOperatorOperatorLegalName
ContractorOperatorOperatorName
ContractorOperatorOperatorSalesRepUserID
ContractorOperatorOperatorSalesRepUserName
ContractorOperatorOperatorStatus
ContractorOperatorOperatorTimezone
ContractorOperatorOperatorType
ContractorOperatorProcessCompletion
ContractorOperatorWaitingOn
ContractorOperatorWorkStatus
ContractorProductRisk
ContractorSafetyRisk
ContractorTagTagID
ContractorTransportationRisk
CustomerServiceEndDate
CustomerServiceOwnerPercent
CustomerServiceRole
CustomerServiceServiceLevel
CustomerServiceStartDate
CustomerServiceUserID
CustomerServiceUserName
ForcedFlagPercent
ReportingClientID
ReportingClientName

Model: Contractors
Permission: Permissions{permissions=[]}
----------------------------------------
AccountAddress
AccountAddress2
AccountAddress3
AccountCity
AccountContactDepartment
AccountContactEmail
AccountContactFax
AccountContactFirstName
AccountContactID
AccountContactLastName
AccountContactLocale
AccountContactName
AccountContactPhone
AccountContactTimezone
AccountCountry
AccountCountrySubdivision
AccountCreationDate
AccountFax
AccountFullAddress
AccountID
AccountLastLoginLastLogin
AccountLegalName
AccountManager
AccountMaterialSupplier
AccountNaicsCode
AccountNaicsDart
AccountNaicsLwcr
AccountNaicsTrir
AccountName
AccountOffsiteServices
AccountOnsiteServices
AccountPhone
AccountRequiresCompetencyReview
AccountRequiresOQ
AccountStatus
AccountTimezone
AccountTransportationServices
AccountWebUrl
AccountZip
ContractorAccountLevel
ContractorAuditGUARD
ContractorAutoLiabilityALCombinedSingleAnswer
ContractorAutoLiabilityID
ContractorAutoLiabilityTypeName
ContractorCustomerServiceUserID
ContractorCustomerServiceUserName
ContractorDocuGUARD
ContractorDontReassign
ContractorEmployeeGUARD
ContractorExcessLiabilityEXEachOccurrenceAnswer
ContractorExcessLiabilityID
ContractorExcessLiabilityTypeName
ContractorGeneralLiabilityGLEachOccurrenceAnswer
ContractorGeneralLiabilityGLGeneralAggregateAnswer
ContractorGeneralLiabilityID
ContractorGeneralLiabilityTypeName
ContractorInsideSalesUserID
ContractorInsideSalesUserName
ContractorInsureGUARD
ContractorMembershipDate
ContractorPQFID
ContractorPQFTypeName
ContractorProductRisk
ContractorProductRiskVerified
ContractorRecommendedCSRID
ContractorRecommendedCSRName
ContractorSafetyRisk
ContractorSafetyRiskVerified
ContractorSoleProprietor
ContractorSupplierDiversity
ContractorTagTagID
ContractorTransportationRisk
ContractorTransportationRiskVerified
ContractorWatchCreationDate
ContractorWatchwatch
ContractorWorkersCompID
ContractorWorkersCompTypeName
ContractorWorkersCompWCEachAccidentAnswer
ContractorWorksAtClientSite
ContractorWorksForReportingClient
DirectTradeName
TradeName

Model: ContractorSearch
Permission: Permissions{permissions=[]}
----------------------------------------
AccountID
AccountName
ContractorAccountLevel
ContractorAuditGUARD
ContractorDocuGUARD
ContractorDontReassign
ContractorEmployeeGUARD
ContractorInsureGUARD
ContractorMembershipDate
ContractorOperatorFlagColor
ContractorOperatorNetworkLevel
ContractorProductRisk
ContractorProductRiskVerified
ContractorSafetyRisk
ContractorSafetyRiskVerified
ContractorSoleProprietor
ContractorTransportationRisk
ContractorTransportationRiskVerified

Model: ContractorStatistics
Permission: Permissions{permissions=[]}
----------------------------------------
AccountAddress
AccountAddress2
AccountAddress3
AccountCity
AccountContactDepartment
AccountContactEmail
AccountContactFax
AccountContactFirstName
AccountContactID
AccountContactLastName
AccountContactLocale
AccountContactName
AccountContactPhone
AccountContactTimezone
AccountCountry
AccountCountrySubdivision
AccountCreationDate
AccountFax
AccountFullAddress
AccountID
AccountLegalName
AccountMaterialSupplier
AccountName
AccountOffsiteServices
AccountOnsiteServices
AccountPhone
AccountRequiresCompetencyReview
AccountRequiresOQ
AccountStatus
AccountTimezone
AccountTransportationServices
AccountWebUrl
AccountZip
ContractorAccountLevel
ContractorAuditGUARD
ContractorCustomerServiceEndDate
ContractorCustomerServiceOwnerPercent
ContractorCustomerServiceRole
ContractorCustomerServiceServiceLevel
ContractorCustomerServiceStartDate
ContractorDocuGUARD
ContractorDontReassign
ContractorEmployeeGUARD
ContractorInsureGUARD
ContractorMembershipDate
ContractorProductRisk
ContractorProductRiskVerified
ContractorSafetyRisk
ContractorSafetyRiskVerified
ContractorSoleProprietor
ContractorStatisticsRate
ContractorStatisticsRateType
ContractorStatisticsStatisticFor
ContractorTransportationRisk
ContractorTransportationRiskVerified

Model: ContractorTrades
Permission: Permissions{permissions=[]}
----------------------------------------
AccountID
AccountName
ContractorTradeActivityPercent
ContractorTradeManufacture
ContractorTradeSelfPerformed
TradeName

Model: EmployeeCompetencies
Permission: Permissions{permissions=[]}
----------------------------------------
AccountCity
AccountCountry
AccountCountrySubdivision
AccountCreationDate
AccountID
AccountLegalName
AccountName
AccountStatus
AccountTimezone
CompetencyLabel
EmployeeCompetencySkilled
EmployeeFirstName
EmployeeLastName
EmployeeName
EmployeeStatus

Model: FlagArchive
Permission: Permissions{permissions=[]}
----------------------------------------
AccountID
AccountName
ContractorOperatorOperatorID
ContractorOperatorOperatorName
FlagArchiveCreationDate
FlagArchiveFlagColor

Model: ForcedFlags
Permission: Permissions{permissions=[]}
----------------------------------------
AccountID
AccountManagerUserID
AccountManagerUserName
AccountName
ContractorFlagForceBegin
ContractorFlagForceEnd
ContractorFlagForceFlag
ContractorFlagLabel
ContractorOperatorForcedByUserID
ContractorOperatorForcedByUserName
ContractorOperatorOperatorID
ContractorOperatorOperatorName
ContractorOperatorOperatorType
ForcedFlagPercentPercent

Model: ForcedFlagPercents
Permission: Permissions{permissions=[]}
----------------------------------------
ContractorOperatorOperatorCity
ContractorOperatorOperatorCountry
ContractorOperatorOperatorCountrySubdivision
ContractorOperatorOperatorCreationDate
ContractorOperatorOperatorID
ContractorOperatorOperatorLegalName
ContractorOperatorOperatorName
ContractorOperatorOperatorStatus
ContractorOperatorOperatorTimezone
ForcedFlagPercent

Model: InvoiceItems
Permission: Permissions{permissions=[]}
----------------------------------------
AccountCity
AccountCountry
AccountCountrySubdivision
AccountCreationDate
AccountID
AccountLegalName
AccountName
AccountStatus
AccountTimezone
ContractorAccountLevel
ContractorAuditGUARD
ContractorDocuGUARD
ContractorEmployeeGUARD
ContractorInsureGUARD
ContractorMembershipDate
ContractorProductRisk
ContractorSafetyRisk
ContractorTransportationRisk
InvoiceAmountApplied
InvoiceCurrency
InvoiceDueDate
InvoiceInvoiceID
InvoiceItemAmount
InvoiceItemDescription
InvoiceItemFeeFeeClass
InvoiceItemFeeMaxFacilities
InvoiceItemFeeName
InvoicePaidDate
InvoiceStatus
InvoiceTotalAmount

Model: Invoices
Permission: Permissions{permissions=[]}
----------------------------------------
AccountCity
AccountContactDepartment
AccountContactEmail
AccountContactFax
AccountContactFirstName
AccountContactID
AccountContactLastName
AccountContactLocale
AccountContactName
AccountContactPhone
AccountContactTimezone
AccountCountry
AccountCountrySubdivision
AccountCreationDate
AccountID
AccountLegalName
AccountName
AccountStatus
AccountTimezone
ContractorAccountLevel
ContractorAuditGUARD
ContractorDocuGUARD
ContractorEmployeeGUARD
ContractorInsureGUARD
ContractorMembershipDate
ContractorProductRisk
ContractorSafetyRisk
ContractorTransportationRisk
InvoiceAmountApplied
InvoiceCurrency
InvoiceDueDate
InvoiceInvoiceID
InvoiceNotes
InvoicePaidDate
InvoicePoNumber
InvoiceStatus
InvoiceTotalAmount

Model: Operators
Permission: Permissions{permissions=[]}
----------------------------------------
AccountAddress
AccountAddress2
AccountAddress3
AccountCity
AccountCountry
AccountCountrySubdivision
AccountCreationDate
AccountFax
AccountFullAddress
AccountID
AccountLastLoginLastLogin
AccountLegalName
AccountManagerUserID
AccountManagerUserName
AccountMaterialSupplier
AccountName
AccountOffsiteServices
AccountOnsiteServices
AccountPhone
AccountRequiresCompetencyReview
AccountRequiresOQ
AccountStatus
AccountTimezone
AccountTransportationServices
AccountType
AccountWebUrl
AccountZip
OperatorAutoApproveInsurance
OperatorCanSeeInsurance
OperatorDiscountExpiration
OperatorDoContractorsPay
OperatorIsUserManualUploaded
OperatorPrimaryCorporate
OperatorRequiredTags
OperatorSalesForceID
ParentCorporationID
ParentCorporationName
ReportingClientID
ReportingClientName
SalesRepUserID
SalesRepUserName

Model: OperatorAccountUsers
Permission: Permissions{permissions=[]}
----------------------------------------
AccountID
AccountName
AccountType
AccountUserEndDate
AccountUserOwnerPercent
AccountUserRole
AccountUserServiceLevel
AccountUserStartDate
UserID
UserName

Model: OperatorUsers
Permission: Permissions{permissions=[]}
----------------------------------------
AccountCity
AccountCountry
AccountCountrySubdivision
AccountCreationDate
AccountID
AccountLegalName
AccountName
AccountStatus
AccountTimezone
AccountType
GroupsDepartment
GroupsEmail
GroupsFax
GroupsFirstName
GroupsID
GroupsLastName
GroupsLocale
GroupsName
GroupsPhone
GroupsTimezone
OperatorAutoApproveInsurance
OperatorCanSeeInsurance
OperatorDiscountExpiration
OperatorDoContractorsPay
OperatorIsUserManualUploaded
OperatorPrimaryCorporate
OperatorRequiredTags
OperatorSalesForceID
UserAssignmentCapacity
UserCreationDate
UserDepartment
UserEmail
UserFax
UserFirstName
UserID
UserIsActive
UserIsGroup
UserLastLogin
UserLastName
UserLocale
UserName
UserPhone
UserTimezone
UserUsername
UserUsingVersion7Menus

Model: PaymentCommissions
Permission: Permissions{permissions=[]}
----------------------------------------
AccountID
AccountName
CommissionUserEndDate
CommissionUserOwnerPercent
CommissionUserRole
CommissionUserServiceLevel
CommissionUserStartDate
CommissionUserUserID
CommissionUserUserName
InvoiceAmountApplied
InvoiceCurrency
InvoiceDueDate
InvoiceInvoiceID
InvoicePaidDate
InvoiceStatus
InvoiceTotalAmount
OperatorID
OperatorName
OperatorOperatorReportingID
OperatorOperatorReportingName
PaymentAmountApplied
PaymentCreationDate
PaymentCurrency
PaymentStatus
PaymentTotalAmount
Paymentid

Model: Payments
Permission: Permissions{permissions=[]}
----------------------------------------
AccountCity
AccountContactDepartment
AccountContactEmail
AccountContactFax
AccountContactFirstName
AccountContactID
AccountContactLastName
AccountContactLocale
AccountContactName
AccountContactPhone
AccountContactTimezone
AccountCountry
AccountCountrySubdivision
AccountCreationDate
AccountID
AccountLegalName
AccountName
AccountStatus
AccountTimezone
ContractorAccountLevel
ContractorAuditGUARD
ContractorDocuGUARD
ContractorEmployeeGUARD
ContractorInsureGUARD
ContractorMembershipDate
ContractorProductRisk
ContractorSafetyRisk
ContractorTransportationRisk
PaymentAmountApplied
PaymentCcNumber
PaymentCheckNumber
PaymentCreationDate
PaymentCurrency
PaymentPaymentMethod
PaymentStatus
PaymentTotalAmount
PaymentTransactionID
Paymentid

Model: Reports
Permission: Permissions{permissions=[]}
----------------------------------------
ReportCreationDate
ReportDescription
ReportFilterExpression
ReportID
ReportModelType
ReportName
ReportOwnerID
ReportOwnerName
ReportPublic
ReportUpdateDate

Model: ReportColumns
Permission: Permissions{permissions=[]}
----------------------------------------
ReportColumnFieldName
ReportColumnSortIndex
ReportColumnSqlFunction
ReportColumnWidth
ReportCreationDate
ReportID
ReportModelType
ReportName
ReportUpdateDate

Model: ReportFilters
Permission: Permissions{permissions=[]}
----------------------------------------
ReportCreationDate
ReportFilterFieldName
ReportFilterOperator
ReportFilterSqlFunction
ReportFilterValue
ReportID
ReportModelType
ReportName
ReportUpdateDate

Model: ReportPermissions
Permission: Permissions{permissions=[]}
----------------------------------------
ReportCreationDate
ReportDescription
ReportFilterExpression
ReportID
ReportModelType
ReportName
ReportPublic
ReportUpdateDate

Model: ReportUsers
Permission: Permissions{permissions=[]}
----------------------------------------
ReportCreationDate
ReportID
ReportModelType
ReportName
ReportUpdateDate
ReportUserFavorite
ReportUserHidden
ReportUserLastViewedDate
ReportUserPinnedIndex
ReportUserSortOrder
ReportUserUserID
ReportUserUserName
ReportUserViewCount

Model: UserAssignments
Permission: Permissions{permissions=[]}
----------------------------------------
AccountCity
AccountCountry
AccountCountrySubdivision
AccountCreationDate
AccountID
AccountLegalName
AccountName
AccountStatus
AccountTimezone
ContractorAccountLevel
ContractorAuditGUARD
ContractorDocuGUARD
ContractorDontReassign
ContractorEmployeeGUARD
ContractorInsureGUARD
ContractorMembershipDate
ContractorProductRisk
ContractorProductRiskVerified
ContractorSafetyRisk
ContractorSafetyRiskVerified
ContractorSoleProprietor
ContractorTransportationRisk
ContractorTransportationRiskVerified
FeeFeeClass
FeeMaxFacilities
FeeName
InvoiceAmountApplied
InvoiceCurrency
InvoiceDueDate
InvoiceInvoiceID
InvoiceItemAmount
InvoicePaidDate
InvoiceStatus
InvoiceTotalAmount
UserAssignmentUserDepartment
UserAssignmentUserEmail
UserAssignmentUserFax
UserAssignmentUserFirstName
UserAssignmentUserID
UserAssignmentUserLastName
UserAssignmentUserLocale
UserAssignmentUserName
UserAssignmentUserPhone
UserAssignmentUserTimezone

Model: Users
Permission: Permissions{permissions=[]}
----------------------------------------
AccountCity
AccountCountry
AccountCountrySubdivision
AccountCreationDate
AccountID
AccountLegalName
AccountManagerUserID
AccountManagerUserName
AccountName
AccountStatus
AccountTimezone
AccountType
ReportingClientID
ReportingClientName
UserAssignmentCapacity
UserCreationDate
UserDepartment
UserEmail
UserFax
UserFirstName
UserID
UserIsActive
UserIsGroup
UserLastLogin
UserLastName
UserLocale
UserName
UserPhone
UserTimezone
UserUsername
UserUsingVersion7Menus

