AccountCity
AccountCountry
AccountCountrySubdivision
AccountCreationDate
AccountID
AccountLegalName
AccountName
AccountStatus
AccountTimezone
AuditAssignedDate
AuditAuditFor
AuditAuditLocation
AuditAuditorConfirm
AuditAuditorID
AuditAuditorName
AuditClosingAuditorID
AuditClosingAuditorName
AuditContractorConfirm
AuditCreationDate
AuditEffectiveDate
AuditExpiresDate
AuditID
AuditOperatorAccountID
AuditOperatorAccountName
AuditOperatorAuditSubStatus
AuditOperatorID
AuditOperatorPercentComplete
AuditOperatorPercentVerified
AuditOperatorStatus
AuditOperatorStatusChangedDate
AuditOperatorStatusSubstatus
AuditScheduledDate
AuditScore
AuditTypeClassType
AuditTypeID
AuditTypeMonthsToExpire
AuditTypeName
AuditTypeRenewable
ContractorAccountLevel
ContractorAuditGUARD
ContractorBalance
ContractorDocuGUARD
ContractorEmployeeGUARD
ContractorInsureGUARD
ContractorMembershipDate
ContractorProductRisk
ContractorRenew
ContractorSafetyRisk
ContractorTransportationRisk
ContractorsRequiringAnnualUpdateEmail
EmrAnswer
FatalitiesAnswer
PQFID
PQFTypeName
PreviousAuditAuditFor
PreviousAuditEffectiveDate
PreviousAuditExpiresDate
PreviousAuditID
PreviousAuditScore
PreviousAuditTypeName
SafetyManualAnswer
SafetyManualComment
SafetyManualDateVerified
TrirAnswer
