ContactInformation: AccountCity
ContactInformation: AccountCountry
ContactInformation: AccountCountrySubdivision
AccountInformation: AccountCreationDate
AccountInformation: AccountID
AccountInformation: AccountLegalName
AccountInformation: AccountName
AccountInformation: AccountStatus
General: AccountTimezone
General: AccountUserEndDate
General: AccountUserOwnerPercent
Commission: AccountUserRole
General: AccountUserServiceLevel
General: AccountUserStartDate
Commission: AccountUserUser
Invoicing: InvoiceAmountApplied
Invoicing: InvoiceCurrency
Invoicing: InvoiceDaysLeft
Invoicing: InvoiceInvoiceID
Invoicing: InvoiceStatus
Invoicing: InvoiceTotalAmount
Commission: PaymentCcNumber
Commission: PaymentCheckNumber
Commission: PaymentCreationDate
Commission: PaymentPaymentMethod
Commission: PaymentTransactionID
General: UserDepartment
General: UserFirstName
General: UserID
General: UserLastName
General: UserLocale
General: UserTimezone
General: UserUsingVersion7Menus