AccountCity
AccountContactDepartment
AccountContactEmail
AccountContactFax
AccountContactFirstName
AccountContactID
AccountContactLastName
AccountContactLocale
AccountContactName
AccountContactPhone
AccountContactTimezone
AccountCountry
AccountCountrySubdivision
AccountCreationDate
AccountID
AccountLegalName
AccountName
AccountStatus
AccountTimezone
ContractorAccountLevel
ContractorAuditGUARD
ContractorDocuGUARD
ContractorEmployeeGUARD
ContractorInsureGUARD
ContractorMembershipDate
ContractorOperatorBaselineFlag
ContractorOperatorCreationDate
ContractorOperatorFlagColor
ContractorOperatorForceBegin
ContractorOperatorForceEnd
ContractorOperatorForceFlag
ContractorOperatorLastStepToGreenDate
ContractorOperatorNetworkLevel
ContractorOperatorOperatorID
ContractorOperatorOperatorName
ContractorOperatorOperatorType
ContractorOperatorProcessCompletion
ContractorOperatorWaitingOn
ContractorOperatorWorkStatus
ContractorPayingFacilities
ContractorProductRisk
ContractorSafetyRisk
ContractorTagTagID
ContractorTransportationRisk
ForcedFlagPercent
OperatorAutoApproveInsurance
OperatorCanSeeInsurance
OperatorDiscountExpiration
OperatorDoContractorsPay
OperatorIsUserManualUploaded
OperatorPrimaryCorporate
OperatorRequiredTags
OperatorSalesForceID
