AccountCity
AccountContactDepartment
AccountContactEmail
AccountContactFax
AccountContactFirstName
AccountContactID
AccountContactLastName
AccountContactLocale
AccountContactName
AccountContactPhone
AccountContactTimezone
AccountCountry
AccountCountrySubdivision
AccountCreationDate
AccountID
AccountLegalName
AccountName
AccountStatus
AccountTimezone
ContractorAccountLevel
ContractorAuditGUARD
ContractorBalance
ContractorDocuGUARD
ContractorEmployeeGUARD
ContractorInsideSalesUserID
ContractorInsideSalesUserName
ContractorInsureGUARD
ContractorMembershipDate
ContractorProductRisk
ContractorRenew
ContractorSafetyRisk
ContractorTransportationRisk
InvoiceAmountApplied
InvoiceCreationDate
InvoiceCurrency
InvoiceDueDate
InvoiceInvoiceID
InvoiceInvoiceType
InvoiceNotes
InvoicePaidDate
InvoicePoNumber
InvoiceStatus
InvoiceTotalAmount
