ContactInformation: AccountCity
ContactInformation: AccountCountry
ContactInformation: AccountCountrySubdivision
AccountInformation: AccountCreationDate
AccountInformation: AccountID
AccountInformation: AccountLegalName
AccountInformation: AccountName
AccountInformation: AccountStatus
General: AccountTimezone
CompanyStatus: ContractorFlagFlagColor
AccountInformation: ContractorFlagNetworkLevel
CompanyStatus: ContractorFlagWaitingOn
CompanyStatus: ContractorFlagWorkStatus
ReportingClientSite: ContractorOperatorOperatorCity
ReportingClientSite: ContractorOperatorOperatorCountry
ReportingClientSite: ContractorOperatorOperatorCountrySubdivision
ReportingClientSite: ContractorOperatorOperatorCreationDate
ReportingClientSite: ContractorOperatorOperatorID
ReportingClientSite: ContractorOperatorOperatorLegalName
ReportingClientSite: ContractorOperatorOperatorName
ReportingClientSite: ContractorOperatorOperatorStatus
ReportingClientSite: ContractorOperatorOperatorTimezone
CompanyStatistics: FlagCriteriaCategory
CompanyStatistics: FlagCriteriaDescription
CompanyStatistics: FlagCriteriaLabel
CompanyStatistics: FlagCriteriaMultiYearScope
CompanyStatistics: FlagCriteriaOshaRateType
CompanyStatistics: FlagCriteriaOshaType
CompanyStatistics: FlagCriteriaRequiredStatus
CompanyStatistics: FlagDataBaselineFlag
CompanyStatistics: FlagDataFlag
CompanyStatistics: FlagDataOverrideCreatedBy
CompanyStatistics: FlagDataOverrideCreationDate
CompanyStatistics: FlagDataOverrideForceEnd
CompanyStatistics: FlagDataOverrideForceflag
CompanyStatistics: FlagDataUpdateDate
ClientSitePreferences: OperatorAutoApproveInsurance
ClientSitePreferences: OperatorCanSeeInsurance
ReportingClientSite: OperatorCriteriaFlag
ReportingClientSite: OperatorCriteriaHurdle
Billing: OperatorDiscountExpiration
Billing: OperatorDoContractorsPay
ClientSitePreferences: OperatorIsUserManualUploaded
ClientSitePreferences: OperatorPrimaryCorporate
ClientSitePreferences: OperatorRequiredTags
ClientSitePreferences: OperatorSalesForceID