AccountCity
AccountCountry
AccountCountryCurrency
AccountCountrySubdivision
AccountCreationDate
AccountID
AccountLegalName
AccountName
AccountStatus
AccountTimezone
ContractorAccountLevel
ContractorAuditGUARD
ContractorDocuGUARD
ContractorEmployeeGUARD
ContractorFeeCurrentAmount
ContractorFeeFeeClass
ContractorFeeNewAmount
ContractorInsureGUARD
ContractorLastUpgradeDate
ContractorMembershipDate
ContractorMustPay
ContractorProductRisk
ContractorSafetyRisk
ContractorTransportationRisk
FeeFeeClass
FeeMaxFacilities
FeeName
