ContactInformation: AccountAddress
ContactInformation: AccountAddress2
ContactInformation: AccountAddress3
ContactInformation: AccountCity
ContactInformation: AccountContactDepartment
ContactInformation: AccountContactEmail
ContactInformation: AccountContactFax
ContactInformation: AccountContactFirstName
ContactInformation: AccountContactID
ContactInformation: AccountContactLastName
ContactInformation: AccountContactLocale
ContactInformation: AccountContactName
ContactInformation: AccountContactPhone
ContactInformation: AccountContactTimezone
ContactInformation: AccountCountry
ContactInformation: AccountCountrySubdivision
AccountInformation: AccountCreationDate
Billing: AccountDeactivationDate
ContactInformation: AccountFax
ContactInformation: AccountFullAddress
AccountInformation: AccountID
AccountInformation: AccountLegalName
Classification: AccountMaterialSupplier
Classification: AccountNaicsCode
CompanyStatistics: AccountNaicsDart
CompanyStatistics: AccountNaicsLwcr
CompanyStatistics: AccountNaicsTrir
AccountInformation: AccountName
Classification: AccountOffsiteServices
Classification: AccountOnsiteServices
ContactInformation: AccountPhone
Billing: AccountReason
Classification: AccountRequiresCompetencyReview
Classification: AccountRequiresOQ
AccountInformation: AccountStatus
General: AccountTimezone
Classification: AccountTransportationServices
ContactInformation: AccountWebUrl
ContactInformation: AccountZip
Billing: ContractorAccountLevel
Billing: ContractorAuditGUARD
Billing: ContractorBalance
CustomerService: ContractorCustomerServiceUserID
CustomerService: ContractorCustomerServiceUserName
Billing: ContractorDocuGUARD
CustomerService: ContractorDontReassign
Billing: ContractorEmployeeGUARD
CustomerService: ContractorInsideSalesUserID
CustomerService: ContractorInsideSalesUserName
Billing: ContractorInsureGUARD
AccountInformation: ContractorMembershipDate
DocumentsAndAudits: ContractorPQFID
DocumentsAndAudits: ContractorPQFTypeName
Billing: ContractorPayingFacilities
Classification: ContractorProductRisk
Classification: ContractorProductRiskVerified
CustomerService: ContractorRecommendedCSRID
CustomerService: ContractorRecommendedCSRName
Billing: ContractorRenew
Classification: ContractorSafetyRisk
Classification: ContractorSafetyRiskVerified
CompanyStatistics: ContractorScore
Classification: ContractorSoleProprietor
AccountInformation: ContractorTagTagID
Billing: ContractorTaxId
Classification: ContractorTradesSelf
Classification: ContractorTradesSub
Classification: ContractorTransportationRisk
Classification: ContractorTransportationRiskVerified
AccountInformation: ContractorWatchwatch
DocumentsAndAudits: ContractorWelcomeCallCaoID
DocumentsAndAudits: ContractorWelcomeCallCaoStatus
DocumentsAndAudits: ContractorWelcomeCallID
DocumentsAndAudits: ContractorWelcomeCallTypeName