General: EmployeeCompetencyCompetencyLabel
AccountInformation: EmployeeCompetencyEmployeeAccountID
AccountInformation: EmployeeCompetencyEmployeeAccountName
General: EmployeeCompetencyEmployeeFirstName
General: EmployeeCompetencyEmployeeLastName
General: EmployeeCompetencySkilled