ContactInformation: AccountCity
ContactInformation: AccountCountry
ContactInformation: AccountCountrySubdivision
AccountInformation: AccountCreationDate
AccountInformation: AccountID
AccountInformation: AccountLegalName
AccountInformation: AccountName
AccountInformation: AccountStatus
General: AccountTimezone
AccountInformation: AccountType
ReportingClientSite: ReportingClientID
ReportingClientSite: ReportingClientName
AccountInformation: UserCreationDate
AccountInformation: UserDepartment
AccountInformation: UserEmail
AccountInformation: UserFax
AccountInformation: UserFirstName
AccountInformation: UserID
AccountInformation: UserIsActive
AccountInformation: UserIsGroup
AccountInformation: UserLastLogin
AccountInformation: UserLastName
AccountInformation: UserLocale
AccountInformation: UserName
AccountInformation: UserPhone
AccountInformation: UserTimezone
AccountInformation: UserUsername
AccountInformation: UserUsingVersion7Menus