AccountID
AccountName
AuditAuditFor
AuditAuditorID
AuditAuditorName
AuditClosingAuditorID
AuditClosingAuditorName
AuditEffectiveDate
AuditExpiresDate
AuditID
AuditOperatorAccountID
AuditOperatorAccountName
AuditOperatorID
AuditOperatorStatus
AuditTypeName
ContractorAuditFileDescription
ContractorAuditFileFileType
ContractorAuditFileID
ContractorAuditFileReviewed
ContractorAuditFileUploadDate