AccountAddress
AccountAddress2
AccountAddress3
AccountCity
AccountContactDepartment
AccountContactEmail
AccountContactFax
AccountContactFirstName
AccountContactID
AccountContactLastName
AccountContactLocale
AccountContactName
AccountContactPhone
AccountContactTimezone
AccountCountry
AccountCountrySubdivision
AccountCreationDate
AccountDeactivationDate
AccountFax
AccountFullAddress
AccountID
AccountLastLoginLastLogin
AccountLegalName
AccountMaterialSupplier
AccountNaicsCode
AccountNaicsDart
AccountNaicsLwcr
AccountNaicsTrir
AccountName
AccountOffsiteServices
AccountOnsiteServices
AccountPhone
AccountReason
AccountRequiresCompetencyReview
AccountRequiresOQ
AccountStatus
AccountTimezone
AccountTransportationServices
AccountWebUrl
AccountZip
ContractorAccountLevel
ContractorAgreementDate
ContractorAuditGUARD
ContractorAutoAddClientSite
ContractorBalance
ContractorContactCountByEmail
ContractorContactCountByPhone
ContractorCustomerServiceUserID
ContractorCustomerServiceUserName
ContractorDocuGUARD
ContractorDontReassign
ContractorEmployeeGUARD
ContractorFollowUpDate
ContractorInsideSalesPriority
ContractorInsideSalesUserID
ContractorInsideSalesUserName
ContractorInsureGUARD
ContractorLastContactedByAutomatedEmailDate
ContractorLastContactedByInsideSalesDate
ContractorLcCorNotification
ContractorLcCorPhase
ContractorMembershipDate
ContractorPQFID
ContractorPQFTypeName
ContractorPayingFacilities
ContractorProductRisk
ContractorProductRiskVerified
ContractorRecommendedCSRID
ContractorRecommendedCSRName
ContractorRegistrationRequestExpiresOn
ContractorRenew
ContractorSafetyRisk
ContractorSafetyRiskVerified
ContractorShowInDirectory
ContractorSoleProprietor
ContractorTagTagID
ContractorTradesUpdated
ContractorTransportationRisk
ContractorTransportationRiskVerified
ContractorViewedFacilities
ContractorWatchwatch
ContractorWelcomeCallCaoID
ContractorWelcomeCallCaoStatus
ContractorWelcomeCallID
ContractorWelcomeCallTypeName
DirectTradeTradeName
TradeTradeName
