[{"text":"global.DocuGUARD","menu":{"items":[{"text":"ContractorSubmenu.MenuItem.Summary","href":"ContractorDocuments.action?id=5"},{"text":"AuditType.1.name","href":"Audit.action?auditID=10"},{"text":"AuditType.11.name","href":"ContractorDocuments.action?id=5#audittype.11.name"}]}}]