[{"text":"global.Company","menu":{"items":[{"text":"ContractorSubmenu.MenuItem.Dashboard","href":"\/ContractorView.action?id=5"},{"text":"global.Notes","href":"\/ContractorNotes.action?id=5"},{"text":"global.Facilities","href":"\/ContractorFacilities.action?id=5"},{"text":"global.Users","href":"\/UsersManage.action?account=5"},{"text":"global.Trades","href":"\/ContractorTrades.action?id=5"},{"id":"billing_detail_menu","text":"BillingDetail.title","href":"\/BillingDetail.action?id=5"},{"text":"ContractorPaymentOptions.header","href":"\/ContractorPaymentOptions.action?id=5"},{"id":"edit_contractor_menu","text":"ContractorSubmenu.MenuItem.CompanyProfile","href":"\/ContractorEdit.action?id=5"}]}}]