[MenuComponent[level=1,name=Translate[global.Menu.EmployeeGUARD.Employee.Profile=>en],url=/employee-guard/employee/profile/1,htmlId=employee_profile,title=<null>,target=<null>,id=100,sortField=<null>,auditId=0,current=false,cssClass=,dataFields={},children=[]], MenuComponent[level=1,name=Translate[global.Menu.EmployeeGUARD.Employee.Skills=>en],url=/employee-guard/employee/skills,htmlId=employee_skills,title=<null>,target=<null>,id=101,sortField=<null>,auditId=0,current=false,cssClass=,dataFields={},children=[]], MenuComponent[level=1,name=Translate[global.Menu.EmployeeGUARD.Employee.My_Files=>en],url=/employee-guard/employee/file,htmlId=employee_my_files,title=<null>,target=<null>,id=102,sortField=<null>,auditId=0,current=false,cssClass=,dataFields={},children=[]], MenuComponent[level=1,name=John Doe,url=<null>,htmlId=user_menu,title=<null>,target=<null>,id=103,sortField=<null>,auditId=0,current=false,cssClass=,dataFields={},children=[MenuComponent[level=2,name=Translate[global.Menu.EmployeeGUARD.User.Switch_To_Admin_Mode=>en],url=/users/switch-mode/admin,htmlId=<null>,title=<null>,target=<null>,id=10300,sortField=<null>,auditId=0,current=false,cssClass=,dataFields={},children=[]], MenuComponent[level=2,name=Translate[global.Menu.EmployeeGUARD.User.Settings=>en],url=/employee-guard/profile/settings,htmlId=<null>,title=<null>,target=<null>,id=10301,sortField=<null>,auditId=0,current=false,cssClass=,dataFields={},children=[]], MenuComponent[level=2,name=Translate[Header.Logout=>en],url=Login.action?button=logout,htmlId=logout,title=<null>,target=<null>,id=10302,sortField=<null>,auditId=0,current=false,cssClass=,dataFields={},children=[]]]]]