AccountCity
AccountContactDepartment
AccountContactEmail
AccountContactFax
AccountContactFirstName
AccountContactID
AccountContactIsActive
AccountContactLastName
AccountContactLocale
AccountContactName
AccountContactPhone
AccountContactTimezone
AccountCountry
AccountCountrySubdivision
AccountCreationDate
AccountID
AccountLegalName
AccountMaterialSupplier
AccountName
AccountOffsiteServices
AccountOnsiteServices
AccountStatus
AccountTimezone
AccountTransportationServices
ContractorAccountLevel
ContractorAuditGUARD
ContractorCcOnFile
ContractorContractorTradeTradeChildrenId
ContractorContractorTradeTradeChildrenName
ContractorContractorTradeTradeId
ContractorContractorTradeTradeName
ContractorDocuGUARD
ContractorEmployeeGUARD
ContractorInsideSalesUserID
ContractorInsideSalesUserIsActive
ContractorInsideSalesUserName
ContractorInsureGUARD
ContractorLastUpgradeDate
ContractorMembershipDate
ContractorMustPay
ContractorOriginalMembershipDate
ContractorPaymentExpires
ContractorPaymentMethod
ContractorProductRisk
ContractorSafetySensitive
ContractorSoleProprietor
ContractorTagTagID
ContractorTransportationRisk
InvoiceAmountApplied
InvoiceCreationDate
InvoiceCurrency
InvoiceDueDate
InvoiceID
InvoiceInvoiceType
InvoiceNotes
InvoicePaidDate
InvoicePoNumber
InvoiceSapId
InvoiceSapLastSync
InvoiceSapSync
InvoiceStatus
InvoiceTax
InvoiceTaxlessTotalAmount
InvoiceTotalAmount