AccountCity
AccountContactDepartment
AccountContactEmail
AccountContactFax
AccountContactFirstName
AccountContactID
AccountContactIsActive
AccountContactLastName
AccountContactLocale
AccountContactName
AccountContactPhone
AccountContactTimezone
AccountCountry
AccountCountrySubdivision
AccountCreationDate
AccountID
AccountLegalName
AccountMaterialSupplier
AccountName
AccountOffsiteServices
AccountOnsiteServices
AccountStatus
AccountTimezone
AccountTransportationServices
ContractorAccountLevel
ContractorAuditGUARD
ContractorBalance
ContractorContractorTradeTradeChildrenName
ContractorContractorTradeTradeName
ContractorDocuGUARD
ContractorEmployeeGUARD
ContractorInsideSalesUserID
ContractorInsideSalesUserIsActive
ContractorInsideSalesUserName
ContractorInsureGUARD
ContractorMembershipDate
ContractorProductRisk
ContractorRenew
ContractorSafetyRisk
ContractorSafetySensitive
ContractorSoleProprietor
ContractorTagTagID
ContractorTradeSafetyRisk
ContractorTransportationRisk
InvoiceAmountApplied
InvoiceCreationDate
InvoiceCurrency
InvoiceDueDate
InvoiceID
InvoiceInvoiceType
InvoiceNotes
InvoicePaidDate
InvoicePoNumber
InvoiceStatus
InvoiceTax
InvoiceTaxlessTotalAmount
InvoiceTotalAmount
