AccountAddress
AccountAddress2
AccountAddress3
AccountCity
AccountContactDepartment
AccountContactEmail
AccountContactFax
AccountContactFirstName
AccountContactID
AccountContactLastName
AccountContactLocale
AccountContactName
AccountContactPhone
AccountContactTimezone
AccountCountry
AccountCountryEnglish
AccountCountryIsoCode
AccountCountrySubdivision
AccountCreationDate
AccountFax
AccountFullAddress
AccountID
AccountLastLoginLastLogin
AccountLegalName
AccountManager
AccountMaterialSupplier
AccountNaicsCode
AccountName
AccountOffsiteServices
AccountOnsiteServices
AccountPhone
AccountRequiresCompetencyReview
AccountRequiresOQ
AccountStatus
AccountTimezone
AccountTransportationServices
AccountWebUrl
AccountZip
ContractorAccountLevel
ContractorAuditGUARD
ContractorAutoLiabilityALCombinedSingleAnswer
ContractorCustomerServiceUserID
ContractorCustomerServiceUserName
ContractorDocuGUARD
ContractorDontReassign
ContractorEmployeeGUARD
ContractorEmployerLiabilityELLimitAnswer
ContractorExcessLiabilityEXEachOccurrenceAnswer
ContractorGeneralLiabilityGLEachOccurrenceAnswer
ContractorGeneralLiabilityGLGeneralAggregateAnswer
ContractorInsideSalesUserID
ContractorInsideSalesUserName
ContractorInsureGUARD
ContractorMembershipDate
ContractorOfficeIn
ContractorPQFCALicenseExpDateAnswer
ContractorPQFCALicenseNumberAnswer
ContractorPQFID
ContractorPQFTypeName
ContractorProductRisk
ContractorProductRiskVerified
ContractorProfessionalIndemnityPROILimitAnswer
ContractorPublicProductLiabilityPPLLimitAnswer
ContractorRecommendedCSRID
ContractorRecommendedCSRName
ContractorSafetyRisk
ContractorSafetyRiskVerified
ContractorSoleProprietor
ContractorSupplierDiversity
ContractorTagTagID
ContractorTransportationRisk
ContractorTransportationRiskVerified
ContractorWatchCreationDate
ContractorWatchwatch
ContractorWorkersCompWCEachAccidentAnswer
ContractorWorksAtClientSite
ContractorWorksForReportingClient
ContractorWorksPeriodicIn
ContractorWorksPermanentIn
DirectTradeName
TradeName