Model: AccountNotes
Permission: Permissions{permissions=[]}
----------------------------------------
AccountAddress
AccountAddress2
AccountAddress3
AccountCity
AccountCountry
AccountCountrySubdivision
AccountCreationDate
AccountFax
AccountFullAddress
AccountID
AccountLegalName
AccountMaterialSupplier
AccountName
AccountNoteCreationDate
AccountNoteID
AccountNoteNoteCategory
AccountNoteStatus
AccountNoteSummary
AccountNoteUserID
AccountNoteUserName
AccountOffsiteServices
AccountOnsiteServices
AccountPhone
AccountRequiresCompetencyReview
AccountRequiresOQ
AccountStatus
AccountTimezone
AccountTransportationServices
AccountWebUrl
AccountZip

Model: Accounts
Permission: Permissions{permissions=[]}
----------------------------------------
AccountAddress
AccountAddress2
AccountAddress3
AccountCity
AccountContactDepartment
AccountContactEmail
AccountContactFax
AccountContactFirstName
AccountContactID
AccountContactLastName
AccountContactLocale
AccountContactName
AccountContactPhone
AccountContactTimezone
AccountCountry
AccountCountrySubdivision
AccountCreationDate
AccountFax
AccountFullAddress
AccountID
AccountLegalName
AccountMaterialSupplier
AccountNaicsCode
AccountName
AccountOffsiteServices
AccountOnsiteServices
AccountPhone
AccountRequiresCompetencyReview
AccountRequiresOQ
AccountStatus
AccountTimezone
AccountTransportationServices
AccountWebUrl
AccountZip

Model: AuditTypes
Permission: Permissions{permissions=[]}
----------------------------------------
AuditTypeClassType
AuditTypeCreatedBy
AuditTypeCreatedByAccountID
AuditTypeCreatedByAccountName
AuditTypeCreatedByID
AuditTypeCreatedByName
AuditTypeCreationDate
AuditTypeDescription
AuditTypeHasAuditor
AuditTypeID
AuditTypeMonthsToExpire
AuditTypeName
AuditTypeOperatorID
AuditTypeOperatorName
AuditTypeRenewable
AuditTypeScheduled
AuditTypeScoreable

Model: ContractorAudits
Permission: Permissions{permissions=[]}
----------------------------------------
AccountCity
AccountContactDepartment
AccountContactEmail
AccountContactFax
AccountContactFirstName
AccountContactID
AccountContactLastName
AccountContactLocale
AccountContactName
AccountContactPhone
AccountContactTimezone
AccountCountry
AccountCountrySubdivision
AccountCreationDate
AccountID
AccountLegalName
AccountMaterialSupplier
AccountName
AccountOffsiteServices
AccountOnsiteServices
AccountStatus
AccountTimezone
AccountTransportationServices
AuditAssignedDate
AuditAuditFor
AuditAuditLocation
AuditAuditorConfirm
AuditAuditorID
AuditAuditorName
AuditClosingAuditorID
AuditClosingAuditorName
AuditContractorConfirm
AuditCreationDate
AuditEffectiveDate
AuditExpiresDate
AuditID
AuditScheduledDate
AuditScore
AuditTypeClassType
AuditTypeID
AuditTypeMonthsToExpire
AuditTypeName
AuditTypeRenewable
ContractorAccountLevel
ContractorAuditGUARD
ContractorDocuGUARD
ContractorEmployeeGUARD
ContractorInsureGUARD
ContractorMembershipDate
ContractorProductRisk
ContractorSafetyRisk
ContractorSoleProprietor
ContractorTransportationRisk

Model: ContractorAuditDatas
Permission: Permissions{permissions=[]}
----------------------------------------
AccountCity
AccountCountry
AccountCountrySubdivision
AccountCreationDate
AccountID
AccountLegalName
AccountMaterialSupplier
AccountName
AccountOffsiteServices
AccountOnsiteServices
AccountStatus
AccountTimezone
AccountTransportationServices
AuditAssignedDate
AuditAuditFor
AuditAuditLocation
AuditAuditorConfirm
AuditContractorConfirm
AuditCreationDate
AuditDataAnswer
AuditDataComment
AuditDataDateVerified
AuditEffectiveDate
AuditExpiresDate
AuditID
AuditScheduledDate
AuditScore
AuditTypeClassType
AuditTypeID
AuditTypeName
CategoryID
CategoryName
CategoryNumQuestions
CategoryNumRequired
CategoryNumber
CategoryScoreWeight
CategoryUniqueCode
ContractorAccountLevel
ContractorAuditGUARD
ContractorDocuGUARD
ContractorEmployeeGUARD
ContractorInsureGUARD
ContractorMembershipDate
ContractorProductRisk
ContractorSafetyRisk
ContractorSoleProprietor
ContractorTransportationRisk
FlagCriteriaContractorAnswer
FlagCriteriaContractorCriteriaID
QuestionHasRequirement
QuestionID
QuestionName
QuestionNumber
QuestionQuestionType
QuestionRequired

Model: ContractorAuditFiles
Permission: Permissions{permissions=[]}
----------------------------------------
AccountID
AccountName
AuditAuditFor
AuditAuditorID
AuditAuditorName
AuditClosingAuditorID
AuditClosingAuditorName
AuditEffectiveDate
AuditExpiresDate
AuditID
AuditOperatorAccountID
AuditOperatorAccountName
AuditOperatorID
AuditOperatorStatus
AuditScore
AuditTypeName
ContractorAuditFileDescription
ContractorAuditFileFileType
ContractorAuditFileID
ContractorAuditFileReviewed
ContractorAuditFileUploadDate

Model: ContractorAuditOperatorCemex
Permission: Permissions{permissions=[]}
----------------------------------------
ContractorAccountCity
ContractorAccountCountry
ContractorAccountCountrySubdivision
ContractorAccountCreationDate
ContractorAccountID
ContractorAccountLegalName
ContractorAccountLevel
ContractorAccountMaterialSupplier
ContractorAccountName
ContractorAccountOffsiteServices
ContractorAccountOnsiteServices
ContractorAccountStatus
ContractorAccountTimezone
ContractorAccountTransportationServices
ContractorAuditGUARD
ContractorCemexPostEvalAggregatesAnswer
ContractorCemexPostEvalAggregatesDoveHolesAnswer
ContractorCemexPostEvalAggregatesEAnswer
ContractorCemexPostEvalAggregatesMarineAnswer
ContractorCemexPostEvalAggregatesMidlandsAnswer
ContractorCemexPostEvalAggregatesNEAnswer
ContractorCemexPostEvalAggregatesNWAnswer
ContractorCemexPostEvalAggregatesSEAnswer
ContractorCemexPostEvalAggregatesSWAnswer
ContractorCemexPostEvalAggregatesScotlandAnswer
ContractorCemexPostEvalAsphaltAnswer
ContractorCemexPostEvalAsphaltNAnswer
ContractorCemexPostEvalAsphaltSAnswer
ContractorCemexPostEvalAsphaltUrbanAnswer
ContractorCemexPostEvalAuditFor
ContractorCemexPostEvalBuildingAnswer
ContractorCemexPostEvalBuildingConcreteAnswer
ContractorCemexPostEvalBuildingFloorsAnswer
ContractorCemexPostEvalBuildingRailAnswer
ContractorCemexPostEvalCaoID
ContractorCemexPostEvalCaoStatus
ContractorCemexPostEvalCementAnswer
ContractorCemexPostEvalCementAshAnswer
ContractorCemexPostEvalCementBarringtonAnswer
ContractorCemexPostEvalCementRugbyAnswer
ContractorCemexPostEvalCementSouthFerribyAnswer
ContractorCemexPostEvalCementTilburyAnswer
ContractorCemexPostEvalDateAnswer
ContractorCemexPostEvalEffectiveDate
ContractorCemexPostEvalEvaluatorAnswer
ContractorCemexPostEvalExpiresDate
ContractorCemexPostEvalID
ContractorCemexPostEvalLogisticsAggregatesAnswer
ContractorCemexPostEvalLogisticsAnswer
ContractorCemexPostEvalLogisticsCementAnswer
ContractorCemexPostEvalLogisticsOtherAnswer
ContractorCemexPostEvalLogisticsOtherComment
ContractorCemexPostEvalPavingAnswer
ContractorCemexPostEvalPavingBirminghamAnswer
ContractorCemexPostEvalPavingSheffieldAnswer
ContractorCemexPostEvalPavingWickAnswer
ContractorCemexPostEvalPerformanceAnswer
ContractorCemexPostEvalPerformanceComment
ContractorCemexPostEvalReadymixAdmixturesAnswer
ContractorCemexPostEvalReadymixAnswer
ContractorCemexPostEvalReadymixCentralAnswer
ContractorCemexPostEvalReadymixCentralCluster12Answer
ContractorCemexPostEvalReadymixCentralCluster14Answer
ContractorCemexPostEvalReadymixCentralCluster15Answer
ContractorCemexPostEvalReadymixCentralCluster16Answer
ContractorCemexPostEvalReadymixDSMAnswer
ContractorCemexPostEvalReadymixNorthernAnswer
ContractorCemexPostEvalReadymixNorthernCluster3Answer
ContractorCemexPostEvalReadymixNorthernCluster6Answer
ContractorCemexPostEvalReadymixNorthernCluster7Answer
ContractorCemexPostEvalReadymixNorthernCluster8Answer
ContractorCemexPostEvalReadymixScotlandAnswer
ContractorCemexPostEvalReadymixScotlandCluster1Answer
ContractorCemexPostEvalReadymixSouthernAnswer
ContractorCemexPostEvalReadymixSouthernCluster20Answer
ContractorCemexPostEvalReadymixSouthernCluster23Answer
ContractorCemexPostEvalReadymixSouthernCluster24Answer
ContractorCemexPostEvalSafetyAnswer
ContractorCemexPostEvalSafetyComment
ContractorCemexPostEvalScore
ContractorCemexPostEvalSiteAnswer
ContractorCemexPostEvalTitleAnswer
ContractorCemexPostEvalTypeName
ContractorDocuGUARD
ContractorDontReassign
ContractorEmployeeGUARD
ContractorInsureGUARD
ContractorMembershipDate
ContractorProductRisk
ContractorProductRiskVerified
ContractorSafetyRisk
ContractorSafetyRiskVerified
ContractorSoleProprietor
ContractorTransportationRisk
ContractorTransportationRiskVerified

Model: ContractorAuditOperators
Permission: Permissions{permissions=[]}
----------------------------------------
AccountCity
AccountCountry
AccountCountrySubdivision
AccountCreationDate
AccountID
AccountLegalName
AccountMaterialSupplier
AccountName
AccountOffsiteServices
AccountOnsiteServices
AccountStatus
AccountTimezone
AccountTransportationServices
AuditAssignedDate
AuditAuditFor
AuditAuditLocation
AuditAuditorConfirm
AuditAuditorID
AuditAuditorName
AuditClosingAuditorID
AuditClosingAuditorName
AuditContractorConfirm
AuditCreationDate
AuditEffectiveDate
AuditExpiresDate
AuditID
AuditLwcrAnswer
AuditOperatorAccountID
AuditOperatorAccountName
AuditOperatorAuditSubStatus
AuditOperatorID
AuditOperatorPercentComplete
AuditOperatorPercentVerified
AuditOperatorStatus
AuditOperatorStatusChangedDate
AuditOperatorStatusSubstatus
AuditScheduledDate
AuditScore
AuditTypeClassType
AuditTypeID
AuditTypeMonthsToExpire
AuditTypeName
AuditTypeRenewable
ClientSite
ContractorAccountLevel
ContractorAuditGUARD
ContractorDocuGUARD
ContractorEmployeeGUARD
ContractorInsureGUARD
ContractorMembershipDate
ContractorProductRisk
ContractorSafetyRisk
ContractorSoleProprietor
ContractorTagTagID
ContractorTransportationRisk
ContractorsRequiringAnnualUpdateEmail
CustomerServiceUserID
CustomerServiceUserName
EmrAnswer
FatalitiesAnswer
PQFID
PQFTypeName
PQFVerification
PreviousAuditAuditFor
PreviousAuditEffectiveDate
PreviousAuditExpiresDate
PreviousAuditID
PreviousAuditScore
PreviousAuditTypeName
SafetyManualAnswer
SafetyManualComment
TrirAnswer

Model: ContractorAuditOperatorWorkflows
Permission: Permissions{permissions=[]}
----------------------------------------
AccountCity
AccountCountry
AccountCountrySubdivision
AccountCreationDate
AccountID
AccountLegalName
AccountMaterialSupplier
AccountName
AccountOffsiteServices
AccountOnsiteServices
AccountStatus
AccountTimezone
AccountTransportationServices
AuditAssignedDate
AuditAuditFor
AuditAuditLocation
AuditAuditorConfirm
AuditAuditorID
AuditAuditorName
AuditClosingAuditorID
AuditClosingAuditorName
AuditContractorConfirm
AuditCreationDate
AuditEffectiveDate
AuditExpiresDate
AuditID
AuditOperatorAccountID
AuditOperatorAccountName
AuditOperatorID
AuditOperatorStatus
AuditOperatorWorkflowCreationDate
AuditOperatorWorkflowID
AuditOperatorWorkflowNotes
AuditOperatorWorkflowPreviousStatus
AuditOperatorWorkflowStatus
AuditOperatorWorkflowUserID
AuditOperatorWorkflowUserName
AuditScheduledDate
AuditScore
AuditTypeClassType
AuditTypeID
AuditTypeMonthsToExpire
AuditTypeName
AuditTypeRenewable
ContractorAccountLevel
ContractorAuditGUARD
ContractorDocuGUARD
ContractorEmployeeGUARD
ContractorInsureGUARD
ContractorMembershipDate
ContractorProductRisk
ContractorSafetyRisk
ContractorSoleProprietor
ContractorTransportationRisk

Model: ContractorFees
Permission: Permissions{permissions=[]}
----------------------------------------
AccountCity
AccountCountry
AccountCountryEnglish
AccountCountryIsoCode
AccountCountrySubdivision
AccountCreationDate
AccountID
AccountLegalName
AccountMaterialSupplier
AccountName
AccountOffsiteServices
AccountOnsiteServices
AccountStatus
AccountTimezone
AccountTransportationServices
ContractorAccountLevel
ContractorAuditGUARD
ContractorDocuGUARD
ContractorEmployeeGUARD
ContractorFeeCurrentAmount
ContractorFeeFeeClass
ContractorFeeNewAmount
ContractorInsureGUARD
ContractorMembershipDate
ContractorProductRisk
ContractorSafetyRisk
ContractorSoleProprietor
ContractorTransportationRisk
FeeFeeClass
FeeMaxFacilities
FeeName

Model: ContractorFlagCriteriaDatas
Permission: Permissions{permissions=[]}
----------------------------------------
AccountCity
AccountCountry
AccountCountrySubdivision
AccountCreationDate
AccountID
AccountLegalName
AccountMaterialSupplier
AccountName
AccountOffsiteServices
AccountOnsiteServices
AccountStatus
AccountTimezone
AccountTransportationServices
ContractorFlagFlagColor
ContractorFlagNetworkLevel
ContractorFlagWaitingOn
ContractorFlagWorkStatus
ContractorOperatorOperatorCity
ContractorOperatorOperatorCountry
ContractorOperatorOperatorCountrySubdivision
ContractorOperatorOperatorCreationDate
ContractorOperatorOperatorID
ContractorOperatorOperatorLegalName
ContractorOperatorOperatorMaterialSupplier
ContractorOperatorOperatorName
ContractorOperatorOperatorOffsiteServices
ContractorOperatorOperatorOnsiteServices
ContractorOperatorOperatorStatus
ContractorOperatorOperatorTimezone
ContractorOperatorOperatorTransportationServices
CustomerServiceUserID
CustomerServiceUserName
FlagCriteriaAllowCustomValue
FlagCriteriaCategory
FlagCriteriaComparison
FlagCriteriaDataType
FlagCriteriaDefaultValue
FlagCriteriaDescription
FlagCriteriaDisplayOrder
FlagCriteriaFlaggableWhenMissing
FlagCriteriaInsurance
FlagCriteriaLabel
FlagCriteriaMultiYearScope
FlagCriteriaOptionCode
FlagCriteriaOshaRateType
FlagCriteriaOshaType
FlagCriteriaRequiredStatus
FlagCriteriaRequiredStatusComparison
FlagDataBaselineFlag
FlagDataFlag
FlagDataOverrideCreatedBy
FlagDataOverrideCreationDate
FlagDataOverrideForceEnd
FlagDataOverrideForceflag
FlagDataUpdateDate

Model: ContractorFlagDatas
Permission: Permissions{permissions=[]}
----------------------------------------
AccountCity
AccountCountry
AccountCountrySubdivision
AccountCreationDate
AccountID
AccountLegalName
AccountMaterialSupplier
AccountName
AccountOffsiteServices
AccountOnsiteServices
AccountStatus
AccountTimezone
AccountTransportationServices
ContractorFlagFlagColor
ContractorFlagNetworkLevel
ContractorFlagWaitingOn
ContractorFlagWorkStatus
ContractorOperatorOperatorCity
ContractorOperatorOperatorCountry
ContractorOperatorOperatorCountrySubdivision
ContractorOperatorOperatorCreationDate
ContractorOperatorOperatorID
ContractorOperatorOperatorLegalName
ContractorOperatorOperatorMaterialSupplier
ContractorOperatorOperatorName
ContractorOperatorOperatorOffsiteServices
ContractorOperatorOperatorOnsiteServices
ContractorOperatorOperatorStatus
ContractorOperatorOperatorTimezone
ContractorOperatorOperatorTransportationServices
FlagCriteriaCategory
FlagCriteriaDescription
FlagCriteriaLabel
FlagCriteriaMultiYearScope
FlagCriteriaOshaRateType
FlagCriteriaOshaType
FlagCriteriaRequiredStatus
FlagDataBaselineFlag
FlagDataFlag
FlagDataOverrideCreatedBy
FlagDataOverrideCreationDate
FlagDataOverrideForceEnd
FlagDataOverrideForceflag
FlagDataUpdateDate
OperatorCriteriaFlag
OperatorCriteriaHurdle

Model: ContractorNumbers
Permission: Permissions{permissions=[]}
----------------------------------------
AccountAddress
AccountAddress2
AccountAddress3
AccountCity
AccountContactDepartment
AccountContactEmail
AccountContactFax
AccountContactFirstName
AccountContactID
AccountContactLastName
AccountContactLocale
AccountContactName
AccountContactPhone
AccountContactTimezone
AccountCountry
AccountCountrySubdivision
AccountCreationDate
AccountFax
AccountFullAddress
AccountID
AccountLegalName
AccountMaterialSupplier
AccountNaicsCode
AccountName
AccountOffsiteServices
AccountOnsiteServices
AccountPhone
AccountRequiresCompetencyReview
AccountRequiresOQ
AccountStatus
AccountTimezone
AccountTransportationServices
AccountWebUrl
AccountZip
ContractorAccountLevel
ContractorAuditGUARD
ContractorCustomerServiceEndDate
ContractorCustomerServiceOwnerPercent
ContractorCustomerServiceRole
ContractorCustomerServiceServiceLevel
ContractorCustomerServiceStartDate
ContractorDocuGUARD
ContractorDontReassign
ContractorEmployeeGUARD
ContractorInsureGUARD
ContractorMembershipDate
ContractorProductRisk
ContractorProductRiskVerified
ContractorSafetyRisk
ContractorSafetyRiskVerified
ContractorSoleProprietor
ContractorTransportationRisk
ContractorTransportationRiskVerified
OperatorContractorNumberType
OperatorContractorNumberValue

Model: ContractorOperators
Permission: Permissions{permissions=[]}
----------------------------------------
AccountCity
AccountContactDepartment
AccountContactEmail
AccountContactFax
AccountContactFirstName
AccountContactID
AccountContactLastName
AccountContactLocale
AccountContactName
AccountContactPhone
AccountContactTimezone
AccountContractorRenewalPredictorRenewalPrediction
AccountCountry
AccountCountrySubdivision
AccountCreationDate
AccountID
AccountLegalName
AccountManagerUserID
AccountManagerUserName
AccountMaterialSupplier
AccountName
AccountOffsiteServices
AccountOnsiteServices
AccountStatus
AccountTimezone
AccountTransportationServices
ContractorAccountLevel
ContractorAuditGUARD
ContractorContractorTradeTradeChildrenName
ContractorContractorTradeTradeName
ContractorDocuGUARD
ContractorEmployeeGUARD
ContractorInsureGUARD
ContractorMembershipDate
ContractorOperatorBaselineFlag
ContractorOperatorCreationDate
ContractorOperatorFlagColor
ContractorOperatorFlagIsForced
ContractorOperatorForceBegin
ContractorOperatorForceEnd
ContractorOperatorForceFlag
ContractorOperatorLastStepToGreenDate
ContractorOperatorNetworkLevel
ContractorOperatorOperatorCity
ContractorOperatorOperatorCountry
ContractorOperatorOperatorCountrySubdivision
ContractorOperatorOperatorCreationDate
ContractorOperatorOperatorID
ContractorOperatorOperatorLegalName
ContractorOperatorOperatorMaterialSupplier
ContractorOperatorOperatorName
ContractorOperatorOperatorOffsiteServices
ContractorOperatorOperatorOnsiteServices
ContractorOperatorOperatorSalesRepUserID
ContractorOperatorOperatorSalesRepUserName
ContractorOperatorOperatorStatus
ContractorOperatorOperatorTimezone
ContractorOperatorOperatorTransportationServices
ContractorOperatorOperatorType
ContractorOperatorProcessCompletion
ContractorOperatorTag
ContractorOperatorWaitingOn
ContractorOperatorWorkStatus
ContractorProductRisk
ContractorSafetyRisk
ContractorSoleProprietor
ContractorTagTagID
ContractorTransportationRisk
ContractorWatchCreationDate
ContractorWatchwatch
CustomerServiceEndDate
CustomerServiceOwnerPercent
CustomerServiceRole
CustomerServiceServiceLevel
CustomerServiceStartDate
CustomerServiceUserID
CustomerServiceUserName
ForcedFlagPercent
ReportingClientID
ReportingClientName

Model: ContractorRequests
Permission: Permissions{permissions=[]}
----------------------------------------
AccountAddress
AccountAddress2
AccountAddress3
AccountCity
AccountContactDepartment
AccountContactEmail
AccountContactFax
AccountContactFirstName
AccountContactID
AccountContactLastName
AccountContactLocale
AccountContactName
AccountContactPhone
AccountContactTimezone
AccountCountry
AccountCountrySubdivision
AccountCreationDate
AccountFax
AccountFullAddress
AccountID
AccountLegalName
AccountManager
AccountMaterialSupplier
AccountName
AccountOffsiteServices
AccountOnsiteServices
AccountPhone
AccountRequiresCompetencyReview
AccountRequiresOQ
AccountStatus
AccountTimezone
AccountTransportationServices
AccountWebUrl
AccountZip
ContractorAccountLevel
ContractorAuditGUARD
ContractorDocuGUARD
ContractorDontReassign
ContractorEmployeeGUARD
ContractorInsideSalesUserID
ContractorInsideSalesUserName
ContractorInsureGUARD
ContractorMembershipDate
ContractorProductRisk
ContractorProductRiskVerified
ContractorSafetyRisk
ContractorSafetyRiskVerified
ContractorSoleProprietor
ContractorTagTagID
ContractorTransportationRisk
ContractorTransportationRiskVerified
ContractorWorksAtClientSite
ContractorWorksForReportingClient
DirectTradeName
TradeName

Model: Contractors
Permission: Permissions{permissions=[]}
----------------------------------------
AccountAddress
AccountAddress2
AccountAddress3
AccountCity
AccountContactDepartment
AccountContactEmail
AccountContactFax
AccountContactFirstName
AccountContactID
AccountContactLastName
AccountContactLocale
AccountContactName
AccountContactPhone
AccountContactTimezone
AccountCountry
AccountCountryEnglish
AccountCountryIsoCode
AccountCountrySubdivision
AccountCreationDate
AccountFax
AccountFullAddress
AccountID
AccountLastLoginLastLogin
AccountLegalName
AccountManager
AccountMaterialSupplier
AccountNaicsCode
AccountName
AccountOffsiteServices
AccountOnsiteServices
AccountPhone
AccountRequiresCompetencyReview
AccountRequiresOQ
AccountStatus
AccountTimezone
AccountTransportationServices
AccountWebUrl
AccountZip
ContractorAccountLevel
ContractorAuditGUARD
ContractorAutoLiabilityALCombinedSingleAnswer
ContractorCustomerServiceUserID
ContractorCustomerServiceUserName
ContractorDocuGUARD
ContractorDontReassign
ContractorEmployeeGUARD
ContractorEmployerLiabilityELLimitAnswer
ContractorExcessLiabilityEXEachOccurrenceAnswer
ContractorGeneralLiabilityGLEachOccurrenceAnswer
ContractorGeneralLiabilityGLGeneralAggregateAnswer
ContractorInsideSalesUserID
ContractorInsideSalesUserName
ContractorInsureGUARD
ContractorMembershipDate
ContractorOfficeIn
ContractorPQFID
ContractorPQFTypeName
ContractorProductRisk
ContractorProductRiskVerified
ContractorProfessionalIndemnityPROILimitAnswer
ContractorPublicProductLiabilityPPLLimitAnswer
ContractorRecommendedCSRID
ContractorRecommendedCSRName
ContractorSafetyRisk
ContractorSafetyRiskVerified
ContractorSoleProprietor
ContractorSupplierDiversity
ContractorTagTagID
ContractorTransportationRisk
ContractorTransportationRiskVerified
ContractorWatchCreationDate
ContractorWatchwatch
ContractorWorkersCompWCEachAccidentAnswer
ContractorWorksAtClientSite
ContractorWorksForReportingClient
ContractorWorksPeriodicIn
ContractorWorksPermanentIn
DirectTradeName
TradeName

Model: ContractorSearch
Permission: Permissions{permissions=[]}
----------------------------------------
AccountID
AccountName
ContractorAccountLevel
ContractorAuditGUARD
ContractorDocuGUARD
ContractorDontReassign
ContractorEmployeeGUARD
ContractorInsureGUARD
ContractorMembershipDate
ContractorOperatorFlagColor
ContractorOperatorNetworkLevel
ContractorProductRisk
ContractorProductRiskVerified
ContractorSafetyRisk
ContractorSafetyRiskVerified
ContractorSoleProprietor
ContractorTransportationRisk
ContractorTransportationRiskVerified

Model: ContractorStatistics
Permission: Permissions{permissions=[]}
----------------------------------------
AccountAddress
AccountAddress2
AccountAddress3
AccountCity
AccountContactDepartment
AccountContactEmail
AccountContactFax
AccountContactFirstName
AccountContactID
AccountContactLastName
AccountContactLocale
AccountContactName
AccountContactPhone
AccountContactTimezone
AccountCountry
AccountCountrySubdivision
AccountCreationDate
AccountFax
AccountFullAddress
AccountID
AccountLegalName
AccountMaterialSupplier
AccountName
AccountOffsiteServices
AccountOnsiteServices
AccountPhone
AccountRequiresCompetencyReview
AccountRequiresOQ
AccountStatus
AccountTimezone
AccountTransportationServices
AccountWebUrl
AccountZip
ContractorAccountLevel
ContractorAuditGUARD
ContractorCustomerServiceEndDate
ContractorCustomerServiceOwnerPercent
ContractorCustomerServiceRole
ContractorCustomerServiceServiceLevel
ContractorCustomerServiceStartDate
ContractorDocuGUARD
ContractorDontReassign
ContractorEmployeeGUARD
ContractorInsureGUARD
ContractorMembershipDate
ContractorProductRisk
ContractorProductRiskVerified
ContractorSafetyRisk
ContractorSafetyRiskVerified
ContractorSoleProprietor
ContractorStatisticsRate
ContractorStatisticsRateType
ContractorStatisticsStatisticFor
ContractorTransportationRisk
ContractorTransportationRiskVerified

Model: ContractorTags
Permission: Permissions{permissions=[]}
----------------------------------------
ContractorAccountCity
ContractorAccountCountry
ContractorAccountCountrySubdivision
ContractorAccountCreationDate
ContractorAccountID
ContractorAccountLegalName
ContractorAccountLevel
ContractorAccountMaterialSupplier
ContractorAccountName
ContractorAccountOffsiteServices
ContractorAccountOnsiteServices
ContractorAccountStatus
ContractorAccountTimezone
ContractorAccountTransportationServices
ContractorAuditGUARD
ContractorDocuGUARD
ContractorDontReassign
ContractorEmployeeGUARD
ContractorInsureGUARD
ContractorMembershipDate
ContractorProductRisk
ContractorProductRiskVerified
ContractorSafetyRisk
ContractorSafetyRiskVerified
ContractorSingleTagOperatorTagOperatorID
ContractorSingleTagOperatorTagOperatorName
ContractorSingleTagOperatorTagTag
ContractorSoleProprietor
ContractorTransportationRisk
ContractorTransportationRiskVerified
ContractorWorksForReportingClient

Model: ContractorTrades
Permission: Permissions{permissions=[]}
----------------------------------------
AccountID
AccountName
ContractorTradeActivityPercent
ContractorTradeManufacture
ContractorTradeSelfPerformed
ContractorWorksAtClientSite
TradeName

Model: Countries
Permission: Permissions{permissions=[]}
----------------------------------------
CountryEnglish
CountryIsoCode

Model: EmployeeCompetencies
Permission: Permissions{permissions=[]}
----------------------------------------
AccountCity
AccountCountry
AccountCountrySubdivision
AccountCreationDate
AccountID
AccountLegalName
AccountMaterialSupplier
AccountName
AccountOffsiteServices
AccountOnsiteServices
AccountStatus
AccountTimezone
AccountTransportationServices
CompetencyLabel
EmployeeCompetencySkilled
EmployeeFirstName
EmployeeLastName
EmployeeName
EmployeeStatus

Model: FlagArchive
Permission: Permissions{permissions=[]}
----------------------------------------
AccountID
AccountName
ContractorOperatorOperatorID
ContractorOperatorOperatorName
FlagArchiveCreationDate
FlagArchiveFlagColor

Model: ForcedFlags
Permission: Permissions{permissions=[]}
----------------------------------------
AccountID
AccountManagerUserID
AccountManagerUserName
AccountName
ContractorFlagForceBegin
ContractorFlagForceEnd
ContractorFlagForceFlag
ContractorFlagLabel
ContractorOperatorForcedByUserID
ContractorOperatorForcedByUserName
ContractorOperatorOperatorID
ContractorOperatorOperatorName
ContractorOperatorOperatorType
ForcedFlagPercentPercent

Model: ForcedFlagPercents
Permission: Permissions{permissions=[]}
----------------------------------------
ContractorOperatorOperatorCity
ContractorOperatorOperatorCountry
ContractorOperatorOperatorCountrySubdivision
ContractorOperatorOperatorCreationDate
ContractorOperatorOperatorID
ContractorOperatorOperatorLegalName
ContractorOperatorOperatorMaterialSupplier
ContractorOperatorOperatorName
ContractorOperatorOperatorOffsiteServices
ContractorOperatorOperatorOnsiteServices
ContractorOperatorOperatorStatus
ContractorOperatorOperatorTimezone
ContractorOperatorOperatorTransportationServices
ForcedFlagPercent

Model: InvoiceFeeCountries
Permission: Permissions{permissions=[]}
----------------------------------------
FeeAmount
FeeCommissionEligible
FeeCountryAmount
FeeCountryCountry
FeeCountryRatePercent
FeeCountrySubdivision
FeeFeeClass
FeeMaxFacilities
FeeName
FeeRatePercent

Model: InvoiceItems
Permission: Permissions{permissions=[]}
----------------------------------------
AccountCity
AccountCountry
AccountCountrySubdivision
AccountCreationDate
AccountID
AccountLegalName
AccountMaterialSupplier
AccountName
AccountOffsiteServices
AccountOnsiteServices
AccountStatus
AccountTimezone
AccountTransportationServices
ContractorAccountLevel
ContractorAuditGUARD
ContractorDocuGUARD
ContractorEmployeeGUARD
ContractorInsureGUARD
ContractorMembershipDate
ContractorProductRisk
ContractorSafetyRisk
ContractorSoleProprietor
ContractorTransportationRisk
InvoiceAmountApplied
InvoiceCreationDate
InvoiceCurrency
InvoiceDueDate
InvoiceID
InvoiceInvoiceType
InvoiceItemAmount
InvoiceItemDescription
InvoiceItemFeeFeeClass
InvoiceItemFeeMaxFacilities
InvoiceItemFeeName
InvoicePaidDate
InvoiceStatus
InvoiceTax
InvoiceTaxlessTotalAmount
InvoiceTotalAmount

Model: Invoices
Permission: Permissions{permissions=[]}
----------------------------------------
AccountCity
AccountContactDepartment
AccountContactEmail
AccountContactFax
AccountContactFirstName
AccountContactID
AccountContactLastName
AccountContactLocale
AccountContactName
AccountContactPhone
AccountContactTimezone
AccountCountry
AccountCountrySubdivision
AccountCreationDate
AccountID
AccountLegalName
AccountMaterialSupplier
AccountName
AccountOffsiteServices
AccountOnsiteServices
AccountStatus
AccountTimezone
AccountTransportationServices
ContractorAccountLevel
ContractorAuditGUARD
ContractorContractorTradeTradeChildrenName
ContractorContractorTradeTradeName
ContractorDocuGUARD
ContractorEmployeeGUARD
ContractorInsideSalesUserID
ContractorInsideSalesUserName
ContractorInsureGUARD
ContractorMembershipDate
ContractorProductRisk
ContractorSafetyRisk
ContractorSoleProprietor
ContractorTagTagID
ContractorTransportationRisk
InvoiceAmountApplied
InvoiceCreationDate
InvoiceCurrency
InvoiceDueDate
InvoiceID
InvoiceInvoiceType
InvoiceNotes
InvoicePaidDate
InvoicePoNumber
InvoiceStatus
InvoiceTax
InvoiceTaxlessTotalAmount
InvoiceTotalAmount

Model: Operators
Permission: Permissions{permissions=[]}
----------------------------------------
AccountAddress
AccountAddress2
AccountAddress3
AccountCity
AccountCountry
AccountCountrySubdivision
AccountCreationDate
AccountFax
AccountFullAddress
AccountID
AccountLastLoginLastLogin
AccountLegalName
AccountManagerUserID
AccountManagerUserName
AccountMaterialSupplier
AccountName
AccountOffsiteServices
AccountOnsiteServices
AccountPhone
AccountRequiresCompetencyReview
AccountRequiresOQ
AccountStatus
AccountTimezone
AccountTransportationServices
AccountType
AccountWebUrl
AccountZip
OperatorAutoApproveInsurance
OperatorCanSeeInsurance
OperatorDiscountExpiration
OperatorDoContractorsPay
OperatorIsUserManualUploaded
OperatorPrimaryCorporate
OperatorRequiredTags
OperatorSalesForceID
ParentCorporationID
ParentCorporationName
ReportingClientID
ReportingClientName
SalesRepUserID
SalesRepUserName

Model: OperatorAccountUsers
Permission: Permissions{permissions=[]}
----------------------------------------
AccountID
AccountName
AccountType
AccountUserEndDate
AccountUserOwnerPercent
AccountUserRole
AccountUserServiceLevel
AccountUserStartDate
UserID
UserName

Model: OperatorUsers
Permission: Permissions{permissions=[]}
----------------------------------------
AccountCity
AccountCountry
AccountCountrySubdivision
AccountCreationDate
AccountID
AccountLegalName
AccountMaterialSupplier
AccountName
AccountOffsiteServices
AccountOnsiteServices
AccountStatus
AccountTimezone
AccountTransportationServices
AccountType
GroupsID
GroupsName
OperatorAutoApproveInsurance
OperatorCanSeeInsurance
OperatorDiscountExpiration
OperatorDoContractorsPay
OperatorIsUserManualUploaded
OperatorPrimaryCorporate
OperatorRequiredTags
OperatorSalesForceID
UserAssignmentCapacity
UserCreationDate
UserDepartment
UserEmail
UserFax
UserFirstName
UserID
UserIsActive
UserIsGroup
UserLastLogin
UserLastName
UserLocale
UserName
UserPhone
UserTimezone
UserUsername
UserUsingVersion7Menus

Model: PaymentCommissions
Permission: Permissions{permissions=[]}
----------------------------------------
AccountID
AccountName
CommissionUserEndDate
CommissionUserOwnerPercent
CommissionUserRole
CommissionUserServiceLevel
CommissionUserStartDate
CommissionUserUserID
CommissionUserUserName
InvoiceAmountApplied
InvoiceCreationDate
InvoiceCurrency
InvoiceDueDate
InvoiceID
InvoiceInvoiceType
InvoicePaidDate
InvoiceStatus
InvoiceTax
InvoiceTaxlessTotalAmount
InvoiceTotalAmount
OperatorID
OperatorName
OperatorOperatorReportingID
OperatorOperatorReportingName
PaymentAmountApplied
PaymentCreationDate
PaymentCurrency
PaymentID
PaymentStatus
PaymentTotalAmount

Model: Payments
Permission: Permissions{permissions=[]}
----------------------------------------
AccountCity
AccountContactDepartment
AccountContactEmail
AccountContactFax
AccountContactFirstName
AccountContactID
AccountContactLastName
AccountContactLocale
AccountContactName
AccountContactPhone
AccountContactTimezone
AccountCountry
AccountCountrySubdivision
AccountCreationDate
AccountID
AccountLegalName
AccountMaterialSupplier
AccountName
AccountOffsiteServices
AccountOnsiteServices
AccountStatus
AccountTimezone
AccountTransportationServices
ContractorAccountLevel
ContractorAuditGUARD
ContractorDocuGUARD
ContractorEmployeeGUARD
ContractorInsideSalesUserID
ContractorInsideSalesUserName
ContractorInsureGUARD
ContractorMembershipDate
ContractorProductRisk
ContractorSafetyRisk
ContractorSoleProprietor
ContractorTransportationRisk
PaymentAmountApplied
PaymentCcNumber
PaymentCheckNumber
PaymentCreationDate
PaymentCurrency
PaymentID
PaymentInvoicePaymentAmount
PaymentInvoicePaymentCreationDate
PaymentInvoicePaymentInvoiceCreationDate
PaymentInvoicePaymentInvoiceID
PaymentInvoicePaymentInvoiceInvoiceType
PaymentInvoicePaymentInvoiceTax
PaymentInvoicePaymentInvoiceTaxlessTotalAmount
PaymentInvoicePaymentUpdateDate
PaymentPaymentMethod
PaymentStatus
PaymentTotalAmount
PaymentTransactionID

Model: Reports
Permission: Permissions{permissions=[]}
----------------------------------------
ReportCreationDate
ReportDescription
ReportFilterExpression
ReportID
ReportModelType
ReportName
ReportOwnerID
ReportOwnerName
ReportPublic
ReportUpdateDate

Model: ReportColumns
Permission: Permissions{permissions=[]}
----------------------------------------
ReportColumnFieldName
ReportColumnSortIndex
ReportColumnSqlFunction
ReportColumnWidth
ReportCreationDate
ReportID
ReportModelType
ReportName
ReportUpdateDate

Model: ReportFilters
Permission: Permissions{permissions=[]}
----------------------------------------
ReportCreationDate
ReportFilterFieldName
ReportFilterNegateOperator
ReportFilterOperator
ReportFilterSqlFunction
ReportFilterValue
ReportID
ReportModelType
ReportName
ReportUpdateDate

Model: ReportPermissions
Permission: Permissions{permissions=[]}
----------------------------------------
ReportCreationDate
ReportDescription
ReportFilterExpression
ReportID
ReportModelType
ReportName
ReportPublic
ReportUpdateDate

Model: ReportUsers
Permission: Permissions{permissions=[]}
----------------------------------------
ReportCreationDate
ReportID
ReportModelType
ReportName
ReportUpdateDate
ReportUserFavorite
ReportUserHidden
ReportUserLastViewedDate
ReportUserPinnedIndex
ReportUserSortOrder
ReportUserUserID
ReportUserUserName
ReportUserViewCount

Model: UserAssignments
Permission: Permissions{permissions=[]}
----------------------------------------
AccountCity
AccountCountry
AccountCountrySubdivision
AccountCreationDate
AccountID
AccountLegalName
AccountMaterialSupplier
AccountName
AccountOffsiteServices
AccountOnsiteServices
AccountStatus
AccountTimezone
AccountTransportationServices
ContractorAccountLevel
ContractorAuditGUARD
ContractorDocuGUARD
ContractorDontReassign
ContractorEmployeeGUARD
ContractorInsureGUARD
ContractorMembershipDate
ContractorProductRisk
ContractorProductRiskVerified
ContractorSafetyRisk
ContractorSafetyRiskVerified
ContractorSoleProprietor
ContractorTransportationRisk
ContractorTransportationRiskVerified
FeeFeeClass
FeeMaxFacilities
FeeName
InvoiceAmountApplied
InvoiceCreationDate
InvoiceCurrency
InvoiceDueDate
InvoiceID
InvoiceInvoiceType
InvoiceItemAmount
InvoicePaidDate
InvoiceStatus
InvoiceTax
InvoiceTaxlessTotalAmount
InvoiceTotalAmount
UserAssignmentUserDepartment
UserAssignmentUserEmail
UserAssignmentUserFax
UserAssignmentUserFirstName
UserAssignmentUserID
UserAssignmentUserLastName
UserAssignmentUserLocale
UserAssignmentUserName
UserAssignmentUserPhone
UserAssignmentUserTimezone

Model: Users
Permission: Permissions{permissions=[]}
----------------------------------------
AccountCity
AccountCountry
AccountCountrySubdivision
AccountCreationDate
AccountID
AccountLegalName
AccountManagerUserID
AccountManagerUserName
AccountMaterialSupplier
AccountName
AccountOffsiteServices
AccountOnsiteServices
AccountStatus
AccountTimezone
AccountTransportationServices
AccountType
ReportingClientID
ReportingClientName
UserAssignmentCapacity
UserCreationDate
UserDepartment
UserEmail
UserFax
UserFirstName
UserGroup
UserGroupGroupID
UserGroupGroupName
UserID
UserIsActive
UserIsGroup
UserLastLogin
UserLastName
UserLocale
UserName
UserPhone
UserTimezone
UserUsername
UserUsingVersion7Menus

