AccountCity
AccountContractorAccountLevel
AccountContractorAuditGUARD
AccountContractorContactCountByEmail
AccountContractorContactCountByPhone
AccountContractorDocuGUARD
AccountContractorDontReassign
AccountContractorEmployeeGUARD
AccountContractorFlagBaselineFlag
AccountContractorFlagCreationDate
AccountContractorFlagFlagColor
AccountContractorFlagFlagIsForced
AccountContractorFlagFlagLastUpdated
AccountContractorFlagForceBegin
AccountContractorFlagForceEnd
AccountContractorFlagForceFlag
AccountContractorFlagHasOracleNumber
AccountContractorFlagHasSAPNumber
AccountContractorFlagHasVendorNumber
AccountContractorFlagLastStepToGreenDate
AccountContractorFlagNetworkLevel
AccountContractorFlagProcessCompletion
AccountContractorFlagTag
AccountContractorFlagWaitingOn
AccountContractorFlagWorkStatus
AccountContractorInsideSalesPriority
AccountContractorInsureGUARD
AccountContractorLastContactedByAutomatedEmailDate
AccountContractorLastContactedByInsideSalesDate
AccountContractorMembershipDate
AccountContractorOriginalMembershipDate
AccountContractorProductRisk
AccountContractorProductRiskVerified
AccountContractorSafetySensitive
AccountContractorSoleProprietor
AccountContractorTransportationRisk
AccountContractorTransportationRiskVerified
AccountCountry
AccountCountrySubdivision
AccountCreationDate
AccountID
AccountLegalName
AccountMaterialSupplier
AccountName
AccountOffsiteServices
AccountOnsiteServices
AccountStatus
AccountTimezone
AccountTransportationServices
AccountType
AccountTypeString
GroupsID
GroupsIsActive
GroupsName
UserAssignmentCapacity
UserCreationDate
UserDepartment
UserEmail
UserFax
UserFirstName
UserID
UserIsActive
UserIsGroup
UserLastLogin
UserLastName
UserLocale
UserName
UserPhone
UserTimezone
UserUsername
UserUsingVersion7Menus