AccountAddress
AccountAddress2
AccountAddress3
AccountCity
AccountContactDepartment
AccountContactEmail
AccountContactFax
AccountContactFirstName
AccountContactID
AccountContactIsActive
AccountContactLastName
AccountContactLocale
AccountContactName
AccountContactPhone
AccountContactTimezone
AccountCountry
AccountCountryEnglish
AccountCountryIsoCode
AccountCountrySubdivision
AccountCreationDate
AccountFax
AccountFullAddress
AccountID
AccountLastLoginLastLogin
AccountLegalName
AccountManager
AccountMaterialSupplier
AccountNaicsCode
AccountName
AccountOffsiteServices
AccountOnsiteServices
AccountPhone
AccountRequiresCompetencyReview
AccountRequiresOQ
AccountStatus
AccountTimezone
AccountTransportationServices
AccountWebUrl
AccountZip
ContractorAccountLevel
ContractorAuditGUARD
ContractorAutoLiabilityALCombinedSingleAnswer
ContractorCustomerServiceUserID
ContractorCustomerServiceUserIsActive
ContractorCustomerServiceUserName
ContractorDocuGUARD
ContractorDontReassign
ContractorEmployeeGUARD
ContractorEmployerLiabilityELLimitAnswer
ContractorExcessLiabilityEXEachOccurrenceAnswer
ContractorFlagBaselineFlag
ContractorFlagCreationDate
ContractorFlagFlagColor
ContractorFlagFlagIsForced
ContractorFlagFlagLastUpdated
ContractorFlagForceBegin
ContractorFlagForceEnd
ContractorFlagForceFlag
ContractorFlagForcedByUserDepartment
ContractorFlagForcedByUserEmail
ContractorFlagForcedByUserFax
ContractorFlagForcedByUserFirstName
ContractorFlagForcedByUserID
ContractorFlagForcedByUserIsActive
ContractorFlagForcedByUserLastName
ContractorFlagForcedByUserLocale
ContractorFlagForcedByUserName
ContractorFlagForcedByUserPhone
ContractorFlagForcedByUserTimezone
ContractorFlagHasOracleNumber
ContractorFlagHasSAPNumber
ContractorFlagHasVendorNumber
ContractorFlagLastStepToGreenDate
ContractorFlagNetworkLevel
ContractorFlagProcessCompletion
ContractorFlagTag
ContractorFlagWaitingOn
ContractorFlagWorkStatus
ContractorGeneralLiabilityGLEachOccurrenceAnswer
ContractorGeneralLiabilityGLGeneralAggregateAnswer
ContractorInsideSalesUserID
ContractorInsideSalesUserIsActive
ContractorInsideSalesUserName
ContractorInsureGUARD
ContractorMembershipDate
ContractorNumberOfEmployees
ContractorOfficeIn
ContractorOriginalMemberSince
ContractorPQFID
ContractorPQFTypeName
ContractorProductRisk
ContractorProductRiskVerified
ContractorProfessionalIndemnityPROILimitAnswer
ContractorPublicProductLiabilityPPLLimitAnswer
ContractorRecommendedCSRID
ContractorRecommendedCSRIsActive
ContractorRecommendedCSRName
ContractorSafetySensitive
ContractorSoleProprietor
ContractorSupplierDiversity
ContractorSupplierDiversityColumn
ContractorTagTagID
ContractorTradeActivityPercent
ContractorTradeManufacture
ContractorTradeSelfPerformed
ContractorTrades
ContractorTransportationRisk
ContractorTransportationRiskVerified
ContractorWatchCreationDate
ContractorWatchwatch
ContractorWorkersCompWCEachAccidentAnswer
ContractorWorksAtClientSite
ContractorWorksForReportingClient
ContractorWorksPeriodicIn
ContractorWorksPermanentIn
DirectTradeName
TradeName