AccountContractorFlagBaselineFlag
AccountContractorFlagCreationDate
AccountContractorFlagFlagColor
AccountContractorFlagFlagIsForced
AccountContractorFlagFlagLastUpdated
AccountContractorFlagForceBegin
AccountContractorFlagForceEnd
AccountContractorFlagForceFlag
AccountContractorFlagLastStepToGreenDate
AccountContractorFlagNetworkLevel
AccountContractorFlagProcessCompletion
AccountContractorFlagTag
AccountContractorFlagWaitingOn
AccountContractorFlagWorkStatus
AccountID
AccountName
AccountStatus
ContractorTradeActivityPercent
ContractorTradeManufacture
ContractorTradeSelfPerformed
ContractorWorksAtClientSite
TradeName
