{"completed":1,"pending":0,"expiring":0,"expired":1}