[MenuComponent[level=0,name=Translate[global.Menu.EmployeeGUARD.Contractor.Summary=>en_US],url=/employee-guard/contractor/dashboard,htmlId=<null>,title=<null>,target=<null>,id=1,sortField=<null>,auditId=0,current=false,cssClass=,dataFields={},children=[]], MenuComponent[level=0,name=Translate[global.Menu.EmployeeGUARD.Contractor.Employees=>en_US],url=/employee-guard/contractor/employee,htmlId=<null>,title=<null>,target=<null>,id=1,sortField=<null>,auditId=0,current=false,cssClass=,dataFields={},children=[]], MenuComponent[level=0,name=Translate[global.Menu.EmployeeGUARD.Contractor.Assignments=>en_US],url=/employee-guard/contractor/project,htmlId=<null>,title=<null>,target=<null>,id=1,sortField=<null>,auditId=0,current=false,cssClass=,dataFields={},children=[]], MenuComponent[level=0,name=Translate[global.Menu.EmployeeGUARD.Contractor.Groups=>en_US],url=/employee-guard/contractor/employee-group,htmlId=<null>,title=<null>,target=<null>,id=1,sortField=<null>,auditId=0,current=false,cssClass=,dataFields={},children=[]], MenuComponent[level=0,name=Translate[global.Menu.EmployeeGUARD.Contractor.Skills=>en_US],url=/employee-guard/contractor/skill,htmlId=<null>,title=<null>,target=<null>,id=1,sortField=<null>,auditId=0,current=false,cssClass=,dataFields={},children=[]], MenuComponent[level=2,name=Legacy,url=,htmlId=<null>,title=<null>,target=<null>,id=1,sortField=<null>,auditId=0,current=false,cssClass=,dataFields={},children=[]]]