[MenuComponent[level=0,name=Translate[ContractorSubmenu.MenuItem.Summary=>en_US],url=<null>,htmlId=<null>,title=<null>,target=<null>,id=1,sortField=<null>,auditId=0,current=false,cssClass=,dataFields={},children=[]], MenuComponent[level=0,name=Translate[global.HSECompetencyMatrix=>en_US],url=<null>,htmlId=employee_competencies,title=<null>,target=<null>,id=1,sortField=<null>,auditId=0,current=false,cssClass=,dataFields={},children=[]]]