{"completed":0,"pending":0,"expiring":1,"expired":0,"requested":4}