contractor.vatId : JS.Validation.InvalidTaxID::CNPJ 
