[{"id":"US","name":"United States"},{"id":"AU","name":"Australia"},{"id":"CA","name":"Canada"}]