[{"id":"en","name":"English"},{"id":"de","name":"Deutsch"},{"id":"nl","name":"Nederlands"}]