[{"text":"menu.Support","menu":{"items":[{"id":"help_center_menu","text":"Header.HelpCenter","href":"http:\/\/help.picsorganizer.com\/login.action?os_destination=homepage.action&os_username=admin&os_password=ad9870mins"},{"id":"live_chat_menu","text":"Registration.Error.LiveChat","href":"#"},{"id":"contact_action_menu","text":"global.ContactPICS","href":"Contact.action"},{"id":"about_pics_menu","text":"global.AboutPICS","href":"About.action"},{"text":"Reference","menu":{"items":[{"id":"navigation_menu_menu","text":"Navigation Menu","href":"Reference!navigationMenu.action"},{"id":"dynamic_report_menu","text":"Dynamic Reports","href":"Reference!dynamicReport.action"},{"id":"reports_manager_menu","text":"Reports Manager","href":"Reference!reportsManager.action"}]}}]}}]